This is pdfTeX, Version 3.141592653-2.6-1.40.26 (TeX Live 2024) (preloaded format=pdflatex 2025.1.30)  4 JAN 2026 20:32
entering extended mode
 restricted \write18 enabled.
 %&-line parsing enabled.
**document.tex
(./document.tex
LaTeX2e <2023-11-01> patch level 1
L3 programming layer <2024-02-20>
(/usr/local/texlive/2024/texmf-dist/tex/latex/toptesi/toptesi.cls
Document Class: toptesi 2020-09-06 v.6.4.06 Class for typesetting university th
eses
(/usr/local/texlive/2024/texmf-dist/tex/latex/fancyvrb/fancyvrb.sty
Package: fancyvrb 2024/01/20 4.5c verbatim text (tvz,hv)

(/usr/local/texlive/2024/texmf-dist/tex/latex/graphics/keyval.sty
Package: keyval 2022/05/29 v1.15 key=value parser (DPC)
\KV@toks@=\toks17
)
\FV@CodeLineNo=\count188
\FV@InFile=\read2
\FV@TabBox=\box51
\c@FancyVerbLine=\count189
\FV@StepNumber=\count190
\FV@OutFile=\write3
)
(/usr/local/texlive/2024/texmf-dist/tex/latex/tools/trace.sty
Package: trace 2021/04/18 v1.1f trace LaTeX code
)
(/usr/local/texlive/2024/texmf-dist/tex/latex/xkeyval/xkeyval.sty
Package: xkeyval 2022/06/16 v2.9 package option processing (HA)

(/usr/local/texlive/2024/texmf-dist/tex/generic/xkeyval/xkeyval.tex
(/usr/local/texlive/2024/texmf-dist/tex/generic/xkeyval/xkvutils.tex
\XKV@toks=\toks18
\XKV@tempa@toks=\toks19
)
\XKV@depth=\count191
File: xkeyval.tex 2014/12/03 v2.7a key=value parser (HA)
))
(/usr/local/texlive/2024/texmf-dist/tex/latex/base/report.cls
Document Class: report 2023/05/17 v1.4n Standard LaTeX document class
(/usr/local/texlive/2024/texmf-dist/tex/latex/base/size12.clo
File: size12.clo 2023/05/17 v1.4n Standard LaTeX file (size option)
)
\c@part=\count192
\c@chapter=\count193
\c@section=\count194
\c@subsection=\count195
\c@subsubsection=\count196
\c@paragraph=\count197
\c@subparagraph=\count198
\c@figure=\count199
\c@table=\count266
\abovecaptionskip=\skip48
\belowcaptionskip=\skip49
\bibindent=\dimen140
)
(/usr/local/texlive/2024/texmf-dist/tex/generic/iftex/iftex.sty
Package: iftex 2022/02/03 v1.0f TeX engine tests
)
(/usr/local/texlive/2024/texmf-dist/tex/generic/babel/babel.sty
Package: babel 2024/02/07 v24.2 The Babel package
\babel@savecnt=\count267
\U@D=\dimen141
\l@unhyphenated=\language89

(/usr/local/texlive/2024/texmf-dist/tex/generic/babel/txtbabel.def)
\bbl@readstream=\read3
\bbl@dirlevel=\count268

(/usr/local/texlive/2024/texmf-dist/tex/generic/babel-english/english.ldf
Language: english 2017/06/06 v3.3r English support from the babel system
Package babel Info: Hyphen rules for 'canadian' set to \l@english
(babel)             (\language0). Reported on input line 102.
Package babel Info: Hyphen rules for 'australian' set to \l@ukenglish
(babel)             (\language23). Reported on input line 105.
Package babel Info: Hyphen rules for 'newzealand' set to \l@ukenglish
(babel)             (\language23). Reported on input line 108.
)
(/usr/local/texlive/2024/texmf-dist/tex/generic/babel-italian/italian.ldf
Language: italian 2024/01/03 v.1.5.00 Italian support for the babel system
\it@lettering=\count269
\it@doublequoteactive=\count270
\it@ISOcompliance=\count271
))
(/usr/local/texlive/2024/texmf-dist/tex/generic/babel/locale/it/babel-italian.t
ex
Package babel Info: Importing font and identification data for italian
(babel)             from babel-it.ini. Reported on input line 11.
)
(/usr/local/texlive/2024/texmf-dist/tex/generic/babel/locale/en/babel-english.t
ex
Package babel Info: Importing font and identification data for english
(babel)             from babel-en.ini. Reported on input line 11.
) (/usr/local/texlive/2024/texmf-dist/tex/latex/etoolbox/etoolbox.sty
Package: etoolbox 2020/10/05 v2.5k e-TeX tools for LaTeX (JAW)
\etb@tempcnta=\count272
)
(/usr/local/texlive/2024/texmf-dist/tex/latex/toptesi/toptesi.sty
Package: toptesi 2020-09-06 v.6.4.06 Extension for toptesi.cls
\T@Pbinding=\skip50

(/usr/local/texlive/2024/texmf-dist/tex/latex/koma-script/scrextend.sty
Package: scrextend 2023/07/07 v3.41 KOMA-Script package (extend other classes w
ith features of KOMA-Script classes)

(/usr/local/texlive/2024/texmf-dist/tex/latex/koma-script/scrkbase.sty
Package: scrkbase 2023/07/07 v3.41 KOMA-Script package (KOMA-Script-dependent b
asics and keyval usage)

(/usr/local/texlive/2024/texmf-dist/tex/latex/koma-script/scrbase.sty
Package: scrbase 2023/07/07 v3.41 KOMA-Script package (KOMA-Script-independent 
basics and keyval usage)

(/usr/local/texlive/2024/texmf-dist/tex/latex/koma-script/scrlfile.sty
Package: scrlfile 2023/07/07 v3.41 KOMA-Script package (file load hooks)

(/usr/local/texlive/2024/texmf-dist/tex/latex/koma-script/scrlfile-hook.sty
Package: scrlfile-hook 2023/07/07 v3.41 KOMA-Script package (using LaTeX hooks)


(/usr/local/texlive/2024/texmf-dist/tex/latex/koma-script/scrlogo.sty
Package: scrlogo 2023/07/07 v3.41 KOMA-Script package (logo)
)))
Applying: [2021/05/01] Usage of raw or classic option list on input line 252.
Already applied: [0000/00/00] Usage of raw or classic option list on input line
 368.
)))
(/usr/local/texlive/2024/texmf-dist/tex/latex/tools/xspace.sty
Package: xspace 2014/10/28 v1.13 Space after command names (DPC,MH)
)
(/usr/local/texlive/2024/texmf-dist/tex/latex/l3packages/xparse/xparse.sty
(/usr/local/texlive/2024/texmf-dist/tex/latex/l3kernel/expl3.sty
Package: expl3 2024-02-20 L3 programming layer (loader) 

(/usr/local/texlive/2024/texmf-dist/tex/latex/l3backend/l3backend-pdftex.def
File: l3backend-pdftex.def 2024-02-20 L3 backend support: PDF output (pdfTeX)
\l__color_backend_stack_int=\count273
\l__pdf_internal_box=\box52
))
Package: xparse 2024-02-18 L3 Experimental document command parser
) (/usr/local/texlive/2024/texmf-dist/tex/latex/graphics/graphicx.sty
Package: graphicx 2021/09/16 v1.2d Enhanced LaTeX Graphics (DPC,SPQR)

(/usr/local/texlive/2024/texmf-dist/tex/latex/graphics/graphics.sty
Package: graphics 2022/03/10 v1.4e Standard LaTeX Graphics (DPC,SPQR)

(/usr/local/texlive/2024/texmf-dist/tex/latex/graphics/trig.sty
Package: trig 2021/08/11 v1.11 sin cos tan (DPC)
)
(/usr/local/texlive/2024/texmf-dist/tex/latex/graphics-cfg/graphics.cfg
File: graphics.cfg 2016/06/04 v1.11 sample graphics configuration
)
Package graphics Info: Driver file: pdftex.def on input line 107.

(/usr/local/texlive/2024/texmf-dist/tex/latex/graphics-def/pdftex.def
File: pdftex.def 2022/09/22 v1.2b Graphics/color driver for pdftex
))
\Gin@req@height=\dimen142
\Gin@req@width=\dimen143
)
\interno=\skip51
\@intesta=\box53
\TOPsecnumdepth=\count274
\SDcaptionwidth=\dimen144
\SDfigurewidth=\dimen145
\SDlinewidth=\dimen146
\SDfigbox=\box54
\SDcapbox=\box55
\c@SDpage=\count275
\c@NumberSD=\count276
LaTeX Font Info:    Redeclaring math symbol \virgola on input line 730.
LaTeX Font Info:    Redeclaring math symbol \virgoladecimale on input line 731.

\c@tomo=\count277
)
(/usr/local/texlive/2024/texmf-dist/tex/latex/toptesi/toptesi-magistrale.sty
Package: toptesi-magistrale 2020-09-06 v.6.4.06 Master degree title page
\TPT@logospace=\skip52
\TPT@logobox=\box56
\TPT@logoheight=\dimen147
\T@Tlogoheight=\skip53

(./document.cfg))) (/usr/local/texlive/2024/texmf-dist/tex/latex/pdfx/pdfx.sty
Package: pdfx 2019/02/27 v1.6.3 PDF/X and PDF/A support (CVR/HTH/RRM/PS)
\pdfx@minorversion=\count278

(/usr/local/texlive/2024/texmf-dist/tex/generic/iftex/ifpdf.sty
Package: ifpdf 2019/10/25 v3.4 ifpdf legacy package. Use iftex instead.
)
(/usr/local/texlive/2024/texmf-dist/tex/generic/iftex/ifxetex.sty
Package: ifxetex 2019/10/25 v0.7 ifxetex legacy package. Use iftex instead.
)
(/usr/local/texlive/2024/texmf-dist/tex/latex/everyshi/everyshi.sty
Package: everyshi 2020/11/18 v4.00 EveryShipout Package
)
(/usr/local/texlive/2024/texmf-dist/tex/generic/iftex/ifluatex.sty
Package: ifluatex 2019/10/25 v1.5 ifluatex legacy package. Use iftex instead.
){/usr/local/texlive/2024/texmf-var/fonts/map/pdftex/updmap/pdftex.map}
(/usr/local/texlive/2024/texmf-dist/tex/latex/base/inputenc.sty
Package: inputenc 2021/02/14 v1.3d Input encoding file
\inpenc@prehook=\toks20
\inpenc@posthook=\toks21
)
(/usr/local/texlive/2024/texmf-dist/tex/latex/pdfx/l8u-penc.def
File: l8u-penc.def 2017/06/23 v0.8 Custom LaTeX file, for UTF8 encoded letters 
and symbols
LaTeX Info: Composite with undeclared \b in encoding L8U on input line 278.
)
\pdfxsafeforxmp@toks=\toks22

(/usr/local/texlive/2024/texmf-dist/tex/latex/xcolor/xcolor.sty
Package: xcolor 2023/11/15 v3.01 LaTeX color extensions (UK)

(/usr/local/texlive/2024/texmf-dist/tex/latex/graphics-cfg/color.cfg
File: color.cfg 2016/01/02 v1.6 sample color configuration
)

Package xcolor Warning: Package option `hyperref' is obsolete and ignored on in
put line 266.

Package xcolor Info: Driver file: pdftex.def on input line 274.
(/usr/local/texlive/2024/texmf-dist/tex/latex/graphics/mathcolor.ltx)
Package xcolor Info: Model `cmy' substituted by `cmy0' on input line 1350.
Package xcolor Info: Model `hsb' substituted by `rgb' on input line 1354.
Package xcolor Info: Model `RGB' extended on input line 1366.
Package xcolor Info: Model `HTML' substituted by `rgb' on input line 1368.
Package xcolor Info: Model `Hsb' substituted by `hsb' on input line 1369.
Package xcolor Info: Model `tHsb' substituted by `hsb' on input line 1370.
Package xcolor Info: Model `HSB' substituted by `hsb' on input line 1371.
Package xcolor Info: Model `Gray' substituted by `gray' on input line 1372.
Package xcolor Info: Model `wave' substituted by `hsb' on input line 1373.
)
\pdfx@tmptoks=\toks23

(/usr/local/texlive/2024/texmf-dist/tex/latex/hyperref/hyperref.sty
Package: hyperref 2024-01-20 v7.01h Hypertext links for LaTeX

(/usr/local/texlive/2024/texmf-dist/tex/latex/kvsetkeys/kvsetkeys.sty
Package: kvsetkeys 2022-10-05 v1.19 Key value parser (HO)
)
(/usr/local/texlive/2024/texmf-dist/tex/generic/kvdefinekeys/kvdefinekeys.sty
Package: kvdefinekeys 2019-12-19 v1.6 Define keys (HO)
)
(/usr/local/texlive/2024/texmf-dist/tex/generic/pdfescape/pdfescape.sty
Package: pdfescape 2019/12/09 v1.15 Implements pdfTeX's escape features (HO)

(/usr/local/texlive/2024/texmf-dist/tex/generic/ltxcmds/ltxcmds.sty
Package: ltxcmds 2023-12-04 v1.26 LaTeX kernel commands for general use (HO)
)
(/usr/local/texlive/2024/texmf-dist/tex/generic/pdftexcmds/pdftexcmds.sty
Package: pdftexcmds 2020-06-27 v0.33 Utility functions of pdfTeX for LuaTeX (HO
)

(/usr/local/texlive/2024/texmf-dist/tex/generic/infwarerr/infwarerr.sty
Package: infwarerr 2019/12/03 v1.5 Providing info/warning/error messages (HO)
)
Package pdftexcmds Info: \pdf@primitive is available.
Package pdftexcmds Info: \pdf@ifprimitive is available.
Package pdftexcmds Info: \pdfdraftmode found.
))
(/usr/local/texlive/2024/texmf-dist/tex/latex/hycolor/hycolor.sty
Package: hycolor 2020-01-27 v1.10 Color options for hyperref/bookmark (HO)
)
(/usr/local/texlive/2024/texmf-dist/tex/latex/auxhook/auxhook.sty
Package: auxhook 2019-12-17 v1.6 Hooks for auxiliary files (HO)
)
(/usr/local/texlive/2024/texmf-dist/tex/latex/hyperref/nameref.sty
Package: nameref 2023-11-26 v2.56 Cross-referencing by name of section

(/usr/local/texlive/2024/texmf-dist/tex/latex/refcount/refcount.sty
Package: refcount 2019/12/15 v3.6 Data extraction from label references (HO)
)
(/usr/local/texlive/2024/texmf-dist/tex/generic/gettitlestring/gettitlestring.s
ty
Package: gettitlestring 2019/12/15 v1.6 Cleanup title references (HO)
 (/usr/local/texlive/2024/texmf-dist/tex/latex/kvoptions/kvoptions.sty
Package: kvoptions 2022-06-15 v3.15 Key value format for package options (HO)
))
\c@section@level=\count279
)
\@linkdim=\dimen148
\Hy@linkcounter=\count280
\Hy@pagecounter=\count281

(/usr/local/texlive/2024/texmf-dist/tex/latex/hyperref/pd1enc.def
File: pd1enc.def 2024-01-20 v7.01h Hyperref: PDFDocEncoding definition (HO)
)
(/usr/local/texlive/2024/texmf-dist/tex/generic/intcalc/intcalc.sty
Package: intcalc 2019/12/15 v1.3 Expandable calculations with integers (HO)
)
\Hy@SavedSpaceFactor=\count282

(/usr/local/texlive/2024/texmf-dist/tex/latex/hyperref/puenc.def
File: puenc.def 2024-01-20 v7.01h Hyperref: PDF Unicode definition (HO)
)
Package hyperref Info: Option `pdfa' set `true' on input line 4062.
Package hyperref Info: Hyper figures OFF on input line 4179.
Package hyperref Info: Link nesting OFF on input line 4184.
Package hyperref Info: Hyper index ON on input line 4187.
Package hyperref Info: Plain pages OFF on input line 4194.
Package hyperref Info: Backreferencing OFF on input line 4199.
Package hyperref Info: Implicit mode ON; LaTeX internals redefined.
Package hyperref Info: Bookmarks ON on input line 4446.
\c@Hy@tempcnt=\count283

(/usr/local/texlive/2024/texmf-dist/tex/latex/url/url.sty
\Urlmuskip=\muskip16
Package: url 2013/09/16  ver 3.4  Verb mode for urls, etc.
)
LaTeX Info: Redefining \url on input line 4784.
\XeTeXLinkMargin=\dimen149

(/usr/local/texlive/2024/texmf-dist/tex/generic/bitset/bitset.sty
Package: bitset 2019/12/09 v1.3 Handle bit-vector datatype (HO)

(/usr/local/texlive/2024/texmf-dist/tex/generic/bigintcalc/bigintcalc.sty
Package: bigintcalc 2019/12/15 v1.5 Expandable calculations on big integers (HO
)
))
\Fld@menulength=\count284
\Field@Width=\dimen150
\Fld@charsize=\dimen151
Package hyperref Info: Hyper figures OFF on input line 6063.
Package hyperref Info: Link nesting OFF on input line 6068.
Package hyperref Info: Hyper index ON on input line 6071.
Package hyperref Info: backreferencing OFF on input line 6078.
Package hyperref Info: Link coloring OFF on input line 6083.
Package hyperref Info: Link coloring with OCG OFF on input line 6088.
Package hyperref Info: PDF/A mode ON on input line 6091.

(/usr/local/texlive/2024/texmf-dist/tex/latex/base/atbegshi-ltx.sty
Package: atbegshi-ltx 2021/01/10 v1.0c Emulation of the original atbegshi
package with kernel methods
)
\Hy@abspage=\count285
\c@Item=\count286
\c@Hfootnote=\count287
)
Package hyperref Info: Driver: hpdftex.

(/usr/local/texlive/2024/texmf-dist/tex/latex/hyperref/hpdftex.def
File: hpdftex.def 2024-01-20 v7.01h Hyperref driver for pdfTeX

(/usr/local/texlive/2024/texmf-dist/tex/latex/base/atveryend-ltx.sty
Package: atveryend-ltx 2020/08/19 v1.0a Emulation of the original atveryend pac
kage
with kernel methods
)
\Fld@listcount=\count288
\c@bookmark@seq@number=\count289

(/usr/local/texlive/2024/texmf-dist/tex/latex/rerunfilecheck/rerunfilecheck.sty
Package: rerunfilecheck 2022-07-10 v1.10 Rerun checks for auxiliary files (HO)

(/usr/local/texlive/2024/texmf-dist/tex/generic/uniquecounter/uniquecounter.sty
Package: uniquecounter 2019/12/15 v1.4 Provide unlimited unique counter (HO)
)
Package uniquecounter Info: New unique counter `rerunfilecheck' on input line 2
85.
)
\Hy@SectionHShift=\skip54
)
Package hyperref Info: Option `unicode' set `true' on input line 1463.
 (/usr/local/texlive/2024/texmf-dist/tex/generic/stringenc/stringenc.sty
Package: stringenc 2019/11/29 v1.12 Convert strings between diff. encodings (HO
)
)
Package hyperref Info: Option `psdextra' set `true' on input line 1465.

(/usr/local/texlive/2024/texmf-dist/tex/latex/hyperref/psdextra.def
File: psdextra.def 2024-01-20 v7.01h Hyperref: Additions to PDF string support
)
(/usr/local/texlive/2024/texmf-dist/tex/generic/colorprofiles/colorprofiles.sty
Package: colorprofiles 2018/11/01 v1.0.1 color profiles for PDF/X and PDF/A sup
port

(/usr/local/texlive/2024/texmf-dist/tex/generic/colorprofiles/colorprofiles.tex
)) (/usr/local/texlive/2024/texmf-dist/tex/generic/stringenc/se-pdfdoc.def
File: se-pdfdoc.def 2019/11/29 v1.12 stringenc: PDFDocEncoding
)
(/usr/local/texlive/2024/texmf-dist/tex/latex/pdfx/AdobeColorProfiles.tex)
(/usr/local/texlive/2024/texmf-dist/tex/latex/pdfx/8bit.def
File: 8bit.def 2008/03/30 v1.1d Input encoding file
)
** pdfx: No file document.xmpdata . Metadata will be incomplete!
<<sRGB.icc>> (/usr/local/texlive/2024/texmf-dist/tex/latex/pdfx/8bit.def
File: 8bit.def 2008/03/30 v1.1d Input encoding file
)
Package hyperref Info: Option `unicode' set `true' on input line 2411.
Package hyperref Info: Option `unicode' set `true' on input line 2412.

(/usr/local/texlive/2024/texmf-dist/tex/generic/pdftex/glyphtounicode.tex)
(/usr/local/texlive/2024/texmf-dist/tex/latex/pdfx/glyphtounicode-cmr.tex)
(/usr/local/texlive/2024/texmf-dist/tex/latex/pdfx/glyphtounicode-ntx.tex)
(/usr/local/texlive/2024/texmf-dist/tex/latex/base/ifthen.sty
Package: ifthen 2022/04/13 v1.1d Standard LaTeX ifthen package (DPC)
)
(/usr/local/texlive/2024/texmf-dist/tex/latex/xmpincl/xmpincl.sty
Package: xmpincl 2021/09/22 v2.4 Include XMP data in pdflatex
)
(/usr/local/texlive/2024/texmf-dist/tex/latex/pdfx/8bit.def
File: 8bit.def 2008/03/30 v1.1d Input encoding file
)
Using XMP template file: pdfa.xmp
\xmpinclWrite=\write4
\xmpinclRead=\read4
\openout4 = `pdfa.xmpi'.

<<pdfa.xmpi>>) (/usr/local/texlive/2024/texmf-dist/tex/latex/base/inputenc.sty
Package: inputenc 2021/02/14 v1.3d Input encoding file
) (/usr/local/texlive/2024/texmf-dist/tex/latex/base/fontenc.sty
Package: fontenc 2021/04/29 v2.0v Standard LaTeX package
)
(/usr/local/texlive/2024/texmf-dist/tex/latex/lm/lmodern.sty
Package: lmodern 2015/05/01 v1.6.1 Latin Modern Fonts
LaTeX Font Info:    Overwriting symbol font `operators' in version `normal'
(Font)                  OT1/cmr/m/n --> OT1/lmr/m/n on input line 22.
LaTeX Font Info:    Overwriting symbol font `letters' in version `normal'
(Font)                  OML/cmm/m/it --> OML/lmm/m/it on input line 23.
LaTeX Font Info:    Overwriting symbol font `symbols' in version `normal'
(Font)                  OMS/cmsy/m/n --> OMS/lmsy/m/n on input line 24.
LaTeX Font Info:    Overwriting symbol font `largesymbols' in version `normal'
(Font)                  OMX/cmex/m/n --> OMX/lmex/m/n on input line 25.
LaTeX Font Info:    Overwriting symbol font `operators' in version `bold'
(Font)                  OT1/cmr/bx/n --> OT1/lmr/bx/n on input line 26.
LaTeX Font Info:    Overwriting symbol font `letters' in version `bold'
(Font)                  OML/cmm/b/it --> OML/lmm/b/it on input line 27.
LaTeX Font Info:    Overwriting symbol font `symbols' in version `bold'
(Font)                  OMS/cmsy/b/n --> OMS/lmsy/b/n on input line 28.
LaTeX Font Info:    Overwriting symbol font `largesymbols' in version `bold'
(Font)                  OMX/cmex/m/n --> OMX/lmex/m/n on input line 29.
LaTeX Font Info:    Overwriting math alphabet `\mathbf' in version `normal'
(Font)                  OT1/cmr/bx/n --> OT1/lmr/bx/n on input line 31.
LaTeX Font Info:    Overwriting math alphabet `\mathsf' in version `normal'
(Font)                  OT1/cmss/m/n --> OT1/lmss/m/n on input line 32.
LaTeX Font Info:    Overwriting math alphabet `\mathit' in version `normal'
(Font)                  OT1/cmr/m/it --> OT1/lmr/m/it on input line 33.
LaTeX Font Info:    Overwriting math alphabet `\mathtt' in version `normal'
(Font)                  OT1/cmtt/m/n --> OT1/lmtt/m/n on input line 34.
LaTeX Font Info:    Overwriting math alphabet `\mathbf' in version `bold'
(Font)                  OT1/cmr/bx/n --> OT1/lmr/bx/n on input line 35.
LaTeX Font Info:    Overwriting math alphabet `\mathsf' in version `bold'
(Font)                  OT1/cmss/bx/n --> OT1/lmss/bx/n on input line 36.
LaTeX Font Info:    Overwriting math alphabet `\mathit' in version `bold'
(Font)                  OT1/cmr/bx/it --> OT1/lmr/bx/it on input line 37.
LaTeX Font Info:    Overwriting math alphabet `\mathtt' in version `bold'
(Font)                  OT1/cmtt/m/n --> OT1/lmtt/m/n on input line 38.
)
Package hyperref Info: Option `bookmarksopen' set `true' on input line 16.
Package hyperref Info: Option `colorlinks' set `true' on input line 16.

(/usr/local/texlive/2024/texmf-dist/tex/latex/csquotes/csquotes.sty
Package: csquotes 2022-09-14 v5.2n context-sensitive quotations (JAW)
\csq@reset=\count290
\csq@gtype=\count291
\csq@glevel=\count292
\csq@qlevel=\count293
\csq@maxlvl=\count294
\csq@tshold=\count295
\csq@ltx@everypar=\toks24

(/usr/local/texlive/2024/texmf-dist/tex/latex/csquotes/csquotes.def
File: csquotes.def 2022-09-14 v5.2n csquotes generic definitions (JAW)
)
Package csquotes Info: Trying to load configuration file 'csquotes.cfg'...
Package csquotes Info: ... configuration file loaded successfully.

(/usr/local/texlive/2024/texmf-dist/tex/latex/csquotes/csquotes.cfg
File: csquotes.cfg 
))
(/usr/local/texlive/2024/texmf-dist/tex/latex/biblatex/biblatex.sty
Package: biblatex 2023/03/05 v3.19 programmable bibliographies (PK/MW)

(/usr/local/texlive/2024/texmf-dist/tex/latex/logreq/logreq.sty
Package: logreq 2010/08/04 v1.0 xml request logger
\lrq@indent=\count296

(/usr/local/texlive/2024/texmf-dist/tex/latex/logreq/logreq.def
File: logreq.def 2010/08/04 v1.0 logreq spec v1.0
))
\c@tabx@nest=\count297
\c@listtotal=\count298
\c@listcount=\count299
\c@liststart=\count300
\c@liststop=\count301
\c@citecount=\count302
\c@citetotal=\count303
\c@multicitecount=\count304
\c@multicitetotal=\count305
\c@instcount=\count306
\c@maxnames=\count307
\c@minnames=\count308
\c@maxitems=\count309
\c@minitems=\count310
\c@citecounter=\count311
\c@maxcitecounter=\count312
\c@savedcitecounter=\count313
\c@uniquelist=\count314
\c@uniquename=\count315
\c@refsection=\count316
\c@refsegment=\count317
\c@maxextratitle=\count318
\c@maxextratitleyear=\count319
\c@maxextraname=\count320
\c@maxextradate=\count321
\c@maxextraalpha=\count322
\c@abbrvpenalty=\count323
\c@highnamepenalty=\count324
\c@lownamepenalty=\count325
\c@maxparens=\count326
\c@parenlevel=\count327
\blx@tempcnta=\count328
\blx@tempcntb=\count329
\blx@tempcntc=\count330
\c@blx@maxsection=\count331
\blx@maxsegment@0=\count332
\blx@notetype=\count333
\blx@parenlevel@text=\count334
\blx@parenlevel@foot=\count335
\blx@sectionciteorder@0=\count336
\blx@sectionciteorderinternal@0=\count337
\blx@entrysetcounter=\count338
\blx@biblioinstance=\count339
\labelnumberwidth=\skip55
\labelalphawidth=\skip56
\biblabelsep=\skip57
\bibitemsep=\skip58
\bibnamesep=\skip59
\bibinitsep=\skip60
\bibparsep=\skip61
\bibhang=\skip62
\blx@bcfin=\read5
\blx@bcfout=\write5
\blx@langwohyphens=\language90
\c@mincomprange=\count340
\c@maxcomprange=\count341
\c@mincompwidth=\count342
Package biblatex Info: Trying to load biblatex default data model...
Package biblatex Info: ... file 'blx-dm.def' found.

(/usr/local/texlive/2024/texmf-dist/tex/latex/biblatex/blx-dm.def
File: blx-dm.def 2023/03/05 v3.19 biblatex localization (PK/MW)
)
Package biblatex Info: Trying to load biblatex style data model...
Package biblatex Info: ... file 'numeric.dbx' not found.
Package biblatex Info: Trying to load biblatex custom data model...
Package biblatex Info: ... file 'biblatex-dm.cfg' not found.
\c@afterword=\count343
\c@savedafterword=\count344
\c@annotator=\count345
\c@savedannotator=\count346
\c@author=\count347
\c@savedauthor=\count348
\c@bookauthor=\count349
\c@savedbookauthor=\count350
\c@commentator=\count351
\c@savedcommentator=\count352
\c@editor=\count353
\c@savededitor=\count354
\c@editora=\count355
\c@savededitora=\count356
\c@editorb=\count357
\c@savededitorb=\count358
\c@editorc=\count359
\c@savededitorc=\count360
\c@foreword=\count361
\c@savedforeword=\count362
\c@holder=\count363
\c@savedholder=\count364
\c@introduction=\count365
\c@savedintroduction=\count366
\c@namea=\count367
\c@savednamea=\count368
\c@nameb=\count369
\c@savednameb=\count370
\c@namec=\count371
\c@savednamec=\count372
\c@translator=\count373
\c@savedtranslator=\count374
\c@shortauthor=\count375
\c@savedshortauthor=\count376
\c@shorteditor=\count377
\c@savedshorteditor=\count378
\c@labelname=\count379
\c@savedlabelname=\count380
\c@institution=\count381
\c@savedinstitution=\count382
\c@lista=\count383
\c@savedlista=\count384
\c@listb=\count385
\c@savedlistb=\count386
\c@listc=\count387
\c@savedlistc=\count388
\c@listd=\count389
\c@savedlistd=\count390
\c@liste=\count391
\c@savedliste=\count392
\c@listf=\count393
\c@savedlistf=\count394
\c@location=\count395
\c@savedlocation=\count396
\c@organization=\count397
\c@savedorganization=\count398
\c@origlocation=\count399
\c@savedoriglocation=\count400
\c@origpublisher=\count401
\c@savedorigpublisher=\count402
\c@publisher=\count403
\c@savedpublisher=\count404
\c@language=\count405
\c@savedlanguage=\count406
\c@origlanguage=\count407
\c@savedoriglanguage=\count408
\c@pageref=\count409
\c@savedpageref=\count410
\shorthandwidth=\skip63
\shortjournalwidth=\skip64
\shortserieswidth=\skip65
\shorttitlewidth=\skip66
\shortauthorwidth=\skip67
\shorteditorwidth=\skip68
\locallabelnumberwidth=\skip69
\locallabelalphawidth=\skip70
\localshorthandwidth=\skip71
\localshortjournalwidth=\skip72
\localshortserieswidth=\skip73
\localshorttitlewidth=\skip74
\localshortauthorwidth=\skip75
\localshorteditorwidth=\skip76
Package biblatex Info: Trying to load compatibility code...
Package biblatex Info: ... file 'blx-compat.def' found.

(/usr/local/texlive/2024/texmf-dist/tex/latex/biblatex/blx-compat.def
File: blx-compat.def 2023/03/05 v3.19 biblatex compatibility (PK/MW)
)
Package biblatex Info: Trying to load generic definitions...
Package biblatex Info: ... file 'biblatex.def' found.

(/usr/local/texlive/2024/texmf-dist/tex/latex/biblatex/biblatex.def
File: biblatex.def 2023/03/05 v3.19 biblatex compatibility (PK/MW)
\c@textcitecount=\count411
\c@textcitetotal=\count412
\c@textcitemaxnames=\count413
\c@biburlbigbreakpenalty=\count414
\c@biburlbreakpenalty=\count415
\c@biburlnumpenalty=\count416
\c@biburlucpenalty=\count417
\c@biburllcpenalty=\count418
\biburlbigskip=\muskip17
\biburlnumskip=\muskip18
\biburlucskip=\muskip19
\biburllcskip=\muskip20
\c@smartand=\count419
)
Package biblatex Info: Trying to load bibliography style 'numeric'...
Package biblatex Info: ... file 'numeric.bbx' found.

(/usr/local/texlive/2024/texmf-dist/tex/latex/biblatex/bbx/numeric.bbx
File: numeric.bbx 2023/03/05 v3.19 biblatex bibliography style (PK/MW)
Package biblatex Info: Trying to load bibliography style 'standard'...
Package biblatex Info: ... file 'standard.bbx' found.

(/usr/local/texlive/2024/texmf-dist/tex/latex/biblatex/bbx/standard.bbx
File: standard.bbx 2023/03/05 v3.19 biblatex bibliography style (PK/MW)
\c@bbx:relatedcount=\count420
\c@bbx:relatedtotal=\count421
))
Package biblatex Info: Trying to load citation style 'numeric'...
Package biblatex Info: ... file 'numeric.cbx' found.

(/usr/local/texlive/2024/texmf-dist/tex/latex/biblatex/cbx/numeric.cbx
File: numeric.cbx 2023/03/05 v3.19 biblatex citation style (PK/MW)
Package biblatex Info: Redefining '\cite'.
Package biblatex Info: Redefining '\parencite'.
Package biblatex Info: Redefining '\footcite'.
Package biblatex Info: Redefining '\footcitetext'.
Package biblatex Info: Redefining '\smartcite'.
Package biblatex Info: Redefining '\supercite'.
Package biblatex Info: Redefining '\textcite'.
Package biblatex Info: Redefining '\textcites'.
Package biblatex Info: Redefining '\cites'.
Package biblatex Info: Redefining '\parencites'.
Package biblatex Info: Redefining '\smartcites'.
)
Package biblatex Info: Trying to load configuration file...
Package biblatex Info: ... file 'biblatex.cfg' found.

(/usr/local/texlive/2024/texmf-dist/tex/latex/biblatex/biblatex.cfg
File: biblatex.cfg 
)
Package biblatex Info: Input encoding 'utf8' detected.
Package biblatex Info: Document encoding is UTF8 ....
Package biblatex Info: ... and expl3
(biblatex)             2024-02-20 L3 programming layer (loader) 
(biblatex)             is new enough (at least 2020/04/06),
(biblatex)             setting 'casechanger=expl3'.

(/usr/local/texlive/2024/texmf-dist/tex/latex/biblatex/blx-case-expl3.sty
Package: blx-case-expl3 2023/03/05 v3.19 expl3 case changing code for biblatex
))
(/usr/local/texlive/2024/texmf-dist/tex/latex/paralist/paralist.sty
Package: paralist 2017/01/22 v2.7 Extended list environments
\pltopsep=\skip77
\plpartopsep=\skip78
\plitemsep=\skip79
\plparsep=\skip80
\pl@lab=\toks25
)
(/usr/local/texlive/2024/texmf-dist/tex/latex/tools/verbatim.sty
Package: verbatim 2023-11-06 v1.5v LaTeX2e package for verbatim enhancements
\every@verbatim=\toks26
\verbatim@line=\toks27
\verbatim@in@stream=\read6
)
(/usr/local/texlive/2024/texmf-dist/tex/latex/booktabs/booktabs.sty
Package: booktabs 2020/01/12 v1.61803398 Publication quality tables
\heavyrulewidth=\dimen152
\lightrulewidth=\dimen153
\cmidrulewidth=\dimen154
\belowrulesep=\dimen155
\belowbottomsep=\dimen156
\aboverulesep=\dimen157
\abovetopsep=\dimen158
\cmidrulesep=\dimen159
\cmidrulekern=\dimen160
\defaultaddspace=\dimen161
\@cmidla=\count422
\@cmidlb=\count423
\@aboverulesep=\dimen162
\@belowrulesep=\dimen163
\@thisruleclass=\count424
\@lastruleclass=\count425
\@thisrulewidth=\dimen164
)
(/usr/local/texlive/2024/texmf-dist/tex/latex/placeins/placeins.sty
Package: placeins 2005/04/18  v 2.2
)
(/usr/local/texlive/2024/texmf-dist/tex/latex/subfigure/subfigure.sty
Package: subfigure 2002/03/15 v2.1.5 subfigure package
\subfigtopskip=\skip81
\subfigcapskip=\skip82
\subfigcaptopadj=\dimen165
\subfigbottomskip=\skip83
\subfigcapmargin=\dimen166
\subfiglabelskip=\skip84
\c@subfigure=\count426
\c@lofdepth=\count427
\c@subtable=\count428
\c@lotdepth=\count429

****************************************
* Local config file subfigure.cfg used *
****************************************
(/usr/local/texlive/2024/texmf-dist/tex/latex/subfigure/subfigure.cfg)
\subfig@top=\skip85
\subfig@bottom=\skip86
)
(/usr/local/texlive/2024/texmf-dist/tex/latex/listings/listings.sty
\lst@mode=\count430
\lst@gtempboxa=\box57
\lst@token=\toks28
\lst@length=\count431
\lst@currlwidth=\dimen167
\lst@column=\count432
\lst@pos=\count433
\lst@lostspace=\dimen168
\lst@width=\dimen169
\lst@newlines=\count434
\lst@lineno=\count435
\lst@maxwidth=\dimen170

(/usr/local/texlive/2024/texmf-dist/tex/latex/listings/lstpatch.sty
File: lstpatch.sty 2024/02/21 1.10 (Carsten Heinz)
)
(/usr/local/texlive/2024/texmf-dist/tex/latex/listings/lstmisc.sty
File: lstmisc.sty 2024/02/21 1.10 (Carsten Heinz)
\c@lstnumber=\count436
\lst@skipnumbers=\count437
\lst@framebox=\box58
)
(/usr/local/texlive/2024/texmf-dist/tex/latex/listings/listings.cfg
File: listings.cfg 2024/02/21 1.10 listings configuration
))
Package: listings 2024/02/21 1.10 (Carsten Heinz)

(/usr/local/texlive/2024/texmf-dist/tex/latex/graphics/rotating.sty
Package: rotating 2016/08/11 v2.16d rotated objects in LaTeX
\c@r@tfl@t=\count438
\rotFPtop=\skip87
\rotFPbot=\skip88
\rot@float@box=\box59
\rot@mess@toks=\toks29
)
(/usr/local/texlive/2024/texmf-dist/tex/latex/enumitem/enumitem.sty
Package: enumitem 2019/06/20 v3.9 Customized lists
\labelindent=\skip89
\enit@outerparindent=\dimen171
\enit@toks=\toks30
\enit@inbox=\box60
\enit@count@id=\count439
\enitdp@description=\count440
)
(/usr/local/texlive/2024/texmf-dist/tex/latex/siunitx/siunitx.sty
Package: siunitx 2024-02-15 v3.3.12 A comprehensive (SI) units package
\l__siunitx_number_uncert_offset_int=\count441
\l__siunitx_number_exponent_fixed_int=\count442
\l__siunitx_number_min_decimal_int=\count443
\l__siunitx_number_min_integer_int=\count444
\l__siunitx_number_round_precision_int=\count445
\l__siunitx_number_lower_threshold_int=\count446
\l__siunitx_number_upper_threshold_int=\count447
\l__siunitx_number_group_first_int=\count448
\l__siunitx_number_group_size_int=\count449
\l__siunitx_number_group_minimum_int=\count450
\l__siunitx_angle_tmp_dim=\dimen172
\l__siunitx_angle_marker_box=\box61
\l__siunitx_angle_unit_box=\box62
\l__siunitx_compound_count_int=\count451

(/usr/local/texlive/2024/texmf-dist/tex/latex/translations/translations.sty
Package: translations 2022/02/05 v1.12 internationalization of LaTeX2e packages
 (CN)
)
(/usr/local/texlive/2024/texmf-dist/tex/latex/amsmath/amstext.sty
Package: amstext 2021/08/26 v2.01 AMS text

(/usr/local/texlive/2024/texmf-dist/tex/latex/amsmath/amsgen.sty
File: amsgen.sty 1999/11/30 v2.0 generic functions
\@emptytoks=\toks31
\ex@=\dimen173
))
\l__siunitx_table_tmp_box=\box63
\l__siunitx_table_tmp_dim=\dimen174
\l__siunitx_table_column_width_dim=\dimen175
\l__siunitx_table_integer_box=\box64
\l__siunitx_table_decimal_box=\box65
\l__siunitx_table_uncert_box=\box66
\l__siunitx_table_before_box=\box67
\l__siunitx_table_after_box=\box68
\l__siunitx_table_before_dim=\dimen176
\l__siunitx_table_carry_dim=\dimen177
\l__siunitx_unit_tmp_int=\count452
\l__siunitx_unit_position_int=\count453
\l__siunitx_unit_total_int=\count454

(/usr/local/texlive/2024/texmf-dist/tex/latex/tools/array.sty
Package: array 2023/10/16 v2.5g Tabular extension package (FMi)
\col@sep=\dimen178
\ar@mcellbox=\box69
\extrarowheight=\dimen179
\NC@list=\toks32
\extratabsurround=\skip90
\backup@length=\skip91
\ar@cellbox=\box70
))
(/usr/local/texlive/2024/texmf-dist/tex/latex/tools/longtable.sty
Package: longtable 2023-11-01 v4.19 Multi-page Table package (DPC)
\LTleft=\skip92
\LTright=\skip93
\LTpre=\skip94
\LTpost=\skip95
\LTchunksize=\count455
\LTcapwidth=\dimen180
\LT@head=\box71
\LT@firsthead=\box72
\LT@foot=\box73
\LT@lastfoot=\box74
\LT@gbox=\box75
\LT@cols=\count456
\LT@rows=\count457
\c@LT@tables=\count458
\c@LT@chunks=\count459
\LT@p@ftn=\toks33
)
(/usr/local/texlive/2024/texmf-dist/tex/latex/caption/caption.sty
Package: caption 2023/08/05 v3.6o Customizing captions (AR)

(/usr/local/texlive/2024/texmf-dist/tex/latex/caption/caption3.sty
Package: caption3 2023/07/31 v2.4d caption3 kernel (AR)
\caption@tempdima=\dimen181
\captionmargin=\dimen182
\caption@leftmargin=\dimen183
\caption@rightmargin=\dimen184
\caption@width=\dimen185
\caption@indent=\dimen186
\caption@parindent=\dimen187
\caption@hangindent=\dimen188
Package caption Info: Standard document class detected.
)
\c@caption@flags=\count460
\c@continuedfloat=\count461
Package caption Info: hyperref package is loaded.
Package caption Info: listings package is loaded.
Package caption Info: longtable package is loaded.

(/usr/local/texlive/2024/texmf-dist/tex/latex/caption/ltcaption.sty
Package: ltcaption 2021/01/08 v1.4c longtable captions (AR)
)
Package caption Info: rotating package is loaded.
Package caption Info: scrextend package is loaded.
\caption@addmargin@hsize=\dimen189
\caption@addmargin@linewidth=\dimen190
Package caption Info: subfigure package is loaded.
)
(/usr/local/texlive/2024/texmf-dist/tex/latex/pgfplots/pgfplots.sty
(/usr/local/texlive/2024/texmf-dist/tex/generic/pgfplots/pgfplots.revision.tex)
Package: pgfplots 2021/05/15 v1.18.1 Data Visualization (1.18.1)
(/usr/local/texlive/2024/texmf-dist/tex/latex/pgf/frontendlayer/tikz.sty
(/usr/local/texlive/2024/texmf-dist/tex/latex/pgf/basiclayer/pgf.sty
(/usr/local/texlive/2024/texmf-dist/tex/latex/pgf/utilities/pgfrcs.sty
(/usr/local/texlive/2024/texmf-dist/tex/generic/pgf/utilities/pgfutil-common.te
x
\pgfutil@everybye=\toks34
\pgfutil@tempdima=\dimen191
\pgfutil@tempdimb=\dimen192
)
(/usr/local/texlive/2024/texmf-dist/tex/generic/pgf/utilities/pgfutil-latex.def
\pgfutil@abb=\box76
) (/usr/local/texlive/2024/texmf-dist/tex/generic/pgf/utilities/pgfrcs.code.tex
(/usr/local/texlive/2024/texmf-dist/tex/generic/pgf/pgf.revision.tex)
Package: pgfrcs 2023-01-15 v3.1.10 (3.1.10)
))
Package: pgf 2023-01-15 v3.1.10 (3.1.10)

(/usr/local/texlive/2024/texmf-dist/tex/latex/pgf/basiclayer/pgfcore.sty
(/usr/local/texlive/2024/texmf-dist/tex/latex/pgf/systemlayer/pgfsys.sty
(/usr/local/texlive/2024/texmf-dist/tex/generic/pgf/systemlayer/pgfsys.code.tex
Package: pgfsys 2023-01-15 v3.1.10 (3.1.10)
(/usr/local/texlive/2024/texmf-dist/tex/generic/pgf/utilities/pgfkeys.code.tex
\pgfkeys@pathtoks=\toks35
\pgfkeys@temptoks=\toks36

(/usr/local/texlive/2024/texmf-dist/tex/generic/pgf/utilities/pgfkeyslibraryfil
tered.code.tex
\pgfkeys@tmptoks=\toks37
))
\pgf@x=\dimen193
\pgf@y=\dimen194
\pgf@xa=\dimen195
\pgf@ya=\dimen196
\pgf@xb=\dimen197
\pgf@yb=\dimen198
\pgf@xc=\dimen199
\pgf@yc=\dimen256
\pgf@xd=\dimen257
\pgf@yd=\dimen258
\w@pgf@writea=\write6
\r@pgf@reada=\read7
\c@pgf@counta=\count462
\c@pgf@countb=\count463
\c@pgf@countc=\count464
\c@pgf@countd=\count465
\t@pgf@toka=\toks38
\t@pgf@tokb=\toks39
\t@pgf@tokc=\toks40
\pgf@sys@id@count=\count466

(/usr/local/texlive/2024/texmf-dist/tex/generic/pgf/systemlayer/pgf.cfg
File: pgf.cfg 2023-01-15 v3.1.10 (3.1.10)
)
Driver file for pgf: pgfsys-pdftex.def

(/usr/local/texlive/2024/texmf-dist/tex/generic/pgf/systemlayer/pgfsys-pdftex.d
ef
File: pgfsys-pdftex.def 2023-01-15 v3.1.10 (3.1.10)

(/usr/local/texlive/2024/texmf-dist/tex/generic/pgf/systemlayer/pgfsys-common-p
df.def
File: pgfsys-common-pdf.def 2023-01-15 v3.1.10 (3.1.10)
)))
(/usr/local/texlive/2024/texmf-dist/tex/generic/pgf/systemlayer/pgfsyssoftpath.
code.tex
File: pgfsyssoftpath.code.tex 2023-01-15 v3.1.10 (3.1.10)
\pgfsyssoftpath@smallbuffer@items=\count467
\pgfsyssoftpath@bigbuffer@items=\count468
)
(/usr/local/texlive/2024/texmf-dist/tex/generic/pgf/systemlayer/pgfsysprotocol.
code.tex
File: pgfsysprotocol.code.tex 2023-01-15 v3.1.10 (3.1.10)
))
(/usr/local/texlive/2024/texmf-dist/tex/generic/pgf/basiclayer/pgfcore.code.tex
Package: pgfcore 2023-01-15 v3.1.10 (3.1.10)
(/usr/local/texlive/2024/texmf-dist/tex/generic/pgf/math/pgfmath.code.tex
(/usr/local/texlive/2024/texmf-dist/tex/generic/pgf/math/pgfmathutil.code.tex)
(/usr/local/texlive/2024/texmf-dist/tex/generic/pgf/math/pgfmathparser.code.tex
\pgfmath@dimen=\dimen259
\pgfmath@count=\count469
\pgfmath@box=\box77
\pgfmath@toks=\toks41
\pgfmath@stack@operand=\toks42
\pgfmath@stack@operation=\toks43
)
(/usr/local/texlive/2024/texmf-dist/tex/generic/pgf/math/pgfmathfunctions.code.
tex)
(/usr/local/texlive/2024/texmf-dist/tex/generic/pgf/math/pgfmathfunctions.basic
.code.tex)
(/usr/local/texlive/2024/texmf-dist/tex/generic/pgf/math/pgfmathfunctions.trigo
nometric.code.tex)
(/usr/local/texlive/2024/texmf-dist/tex/generic/pgf/math/pgfmathfunctions.rando
m.code.tex)
(/usr/local/texlive/2024/texmf-dist/tex/generic/pgf/math/pgfmathfunctions.compa
rison.code.tex)
(/usr/local/texlive/2024/texmf-dist/tex/generic/pgf/math/pgfmathfunctions.base.
code.tex)
(/usr/local/texlive/2024/texmf-dist/tex/generic/pgf/math/pgfmathfunctions.round
.code.tex)
(/usr/local/texlive/2024/texmf-dist/tex/generic/pgf/math/pgfmathfunctions.misc.
code.tex)
(/usr/local/texlive/2024/texmf-dist/tex/generic/pgf/math/pgfmathfunctions.integ
erarithmetics.code.tex)
(/usr/local/texlive/2024/texmf-dist/tex/generic/pgf/math/pgfmathcalc.code.tex)
(/usr/local/texlive/2024/texmf-dist/tex/generic/pgf/math/pgfmathfloat.code.tex
\c@pgfmathroundto@lastzeros=\count470
)) (/usr/local/texlive/2024/texmf-dist/tex/generic/pgf/math/pgfint.code.tex)
(/usr/local/texlive/2024/texmf-dist/tex/generic/pgf/basiclayer/pgfcorepoints.co
de.tex
File: pgfcorepoints.code.tex 2023-01-15 v3.1.10 (3.1.10)
\pgf@picminx=\dimen260
\pgf@picmaxx=\dimen261
\pgf@picminy=\dimen262
\pgf@picmaxy=\dimen263
\pgf@pathminx=\dimen264
\pgf@pathmaxx=\dimen265
\pgf@pathminy=\dimen266
\pgf@pathmaxy=\dimen267
\pgf@xx=\dimen268
\pgf@xy=\dimen269
\pgf@yx=\dimen270
\pgf@yy=\dimen271
\pgf@zx=\dimen272
\pgf@zy=\dimen273
)
(/usr/local/texlive/2024/texmf-dist/tex/generic/pgf/basiclayer/pgfcorepathconst
ruct.code.tex
File: pgfcorepathconstruct.code.tex 2023-01-15 v3.1.10 (3.1.10)
\pgf@path@lastx=\dimen274
\pgf@path@lasty=\dimen275
)
(/usr/local/texlive/2024/texmf-dist/tex/generic/pgf/basiclayer/pgfcorepathusage
.code.tex
File: pgfcorepathusage.code.tex 2023-01-15 v3.1.10 (3.1.10)
\pgf@shorten@end@additional=\dimen276
\pgf@shorten@start@additional=\dimen277
)
(/usr/local/texlive/2024/texmf-dist/tex/generic/pgf/basiclayer/pgfcorescopes.co
de.tex
File: pgfcorescopes.code.tex 2023-01-15 v3.1.10 (3.1.10)
\pgfpic=\box78
\pgf@hbox=\box79
\pgf@layerbox@main=\box80
\pgf@picture@serial@count=\count471
)
(/usr/local/texlive/2024/texmf-dist/tex/generic/pgf/basiclayer/pgfcoregraphicst
ate.code.tex
File: pgfcoregraphicstate.code.tex 2023-01-15 v3.1.10 (3.1.10)
\pgflinewidth=\dimen278
)
(/usr/local/texlive/2024/texmf-dist/tex/generic/pgf/basiclayer/pgfcoretransform
ations.code.tex
File: pgfcoretransformations.code.tex 2023-01-15 v3.1.10 (3.1.10)
\pgf@pt@x=\dimen279
\pgf@pt@y=\dimen280
\pgf@pt@temp=\dimen281
)
(/usr/local/texlive/2024/texmf-dist/tex/generic/pgf/basiclayer/pgfcorequick.cod
e.tex
File: pgfcorequick.code.tex 2023-01-15 v3.1.10 (3.1.10)
)
(/usr/local/texlive/2024/texmf-dist/tex/generic/pgf/basiclayer/pgfcoreobjects.c
ode.tex
File: pgfcoreobjects.code.tex 2023-01-15 v3.1.10 (3.1.10)
)
(/usr/local/texlive/2024/texmf-dist/tex/generic/pgf/basiclayer/pgfcorepathproce
ssing.code.tex
File: pgfcorepathprocessing.code.tex 2023-01-15 v3.1.10 (3.1.10)
)
(/usr/local/texlive/2024/texmf-dist/tex/generic/pgf/basiclayer/pgfcorearrows.co
de.tex
File: pgfcorearrows.code.tex 2023-01-15 v3.1.10 (3.1.10)
\pgfarrowsep=\dimen282
)
(/usr/local/texlive/2024/texmf-dist/tex/generic/pgf/basiclayer/pgfcoreshade.cod
e.tex
File: pgfcoreshade.code.tex 2023-01-15 v3.1.10 (3.1.10)
\pgf@max=\dimen283
\pgf@sys@shading@range@num=\count472
\pgf@shadingcount=\count473
)
(/usr/local/texlive/2024/texmf-dist/tex/generic/pgf/basiclayer/pgfcoreimage.cod
e.tex
File: pgfcoreimage.code.tex 2023-01-15 v3.1.10 (3.1.10)
)
(/usr/local/texlive/2024/texmf-dist/tex/generic/pgf/basiclayer/pgfcoreexternal.
code.tex
File: pgfcoreexternal.code.tex 2023-01-15 v3.1.10 (3.1.10)
\pgfexternal@startupbox=\box81
)
(/usr/local/texlive/2024/texmf-dist/tex/generic/pgf/basiclayer/pgfcorelayers.co
de.tex
File: pgfcorelayers.code.tex 2023-01-15 v3.1.10 (3.1.10)
)
(/usr/local/texlive/2024/texmf-dist/tex/generic/pgf/basiclayer/pgfcoretranspare
ncy.code.tex
File: pgfcoretransparency.code.tex 2023-01-15 v3.1.10 (3.1.10)
)
(/usr/local/texlive/2024/texmf-dist/tex/generic/pgf/basiclayer/pgfcorepatterns.
code.tex
File: pgfcorepatterns.code.tex 2023-01-15 v3.1.10 (3.1.10)
)
(/usr/local/texlive/2024/texmf-dist/tex/generic/pgf/basiclayer/pgfcorerdf.code.
tex
File: pgfcorerdf.code.tex 2023-01-15 v3.1.10 (3.1.10)
)))
(/usr/local/texlive/2024/texmf-dist/tex/generic/pgf/modules/pgfmoduleshapes.cod
e.tex
File: pgfmoduleshapes.code.tex 2023-01-15 v3.1.10 (3.1.10)
\pgfnodeparttextbox=\box82
)
(/usr/local/texlive/2024/texmf-dist/tex/generic/pgf/modules/pgfmoduleplot.code.
tex
File: pgfmoduleplot.code.tex 2023-01-15 v3.1.10 (3.1.10)
)
(/usr/local/texlive/2024/texmf-dist/tex/latex/pgf/compatibility/pgfcomp-version
-0-65.sty
Package: pgfcomp-version-0-65 2023-01-15 v3.1.10 (3.1.10)
\pgf@nodesepstart=\dimen284
\pgf@nodesepend=\dimen285
)
(/usr/local/texlive/2024/texmf-dist/tex/latex/pgf/compatibility/pgfcomp-version
-1-18.sty
Package: pgfcomp-version-1-18 2023-01-15 v3.1.10 (3.1.10)
))
(/usr/local/texlive/2024/texmf-dist/tex/latex/pgf/utilities/pgffor.sty
(/usr/local/texlive/2024/texmf-dist/tex/latex/pgf/utilities/pgfkeys.sty
(/usr/local/texlive/2024/texmf-dist/tex/generic/pgf/utilities/pgfkeys.code.tex)
) (/usr/local/texlive/2024/texmf-dist/tex/latex/pgf/math/pgfmath.sty
(/usr/local/texlive/2024/texmf-dist/tex/generic/pgf/math/pgfmath.code.tex))
(/usr/local/texlive/2024/texmf-dist/tex/generic/pgf/utilities/pgffor.code.tex
Package: pgffor 2023-01-15 v3.1.10 (3.1.10)
\pgffor@iter=\dimen286
\pgffor@skip=\dimen287
\pgffor@stack=\toks44
\pgffor@toks=\toks45
))
(/usr/local/texlive/2024/texmf-dist/tex/generic/pgf/frontendlayer/tikz/tikz.cod
e.tex
Package: tikz 2023-01-15 v3.1.10 (3.1.10)

(/usr/local/texlive/2024/texmf-dist/tex/generic/pgf/libraries/pgflibraryplothan
dlers.code.tex
File: pgflibraryplothandlers.code.tex 2023-01-15 v3.1.10 (3.1.10)
\pgf@plot@mark@count=\count474
\pgfplotmarksize=\dimen288
)
\tikz@lastx=\dimen289
\tikz@lasty=\dimen290
\tikz@lastxsaved=\dimen291
\tikz@lastysaved=\dimen292
\tikz@lastmovetox=\dimen293
\tikz@lastmovetoy=\dimen294
\tikzleveldistance=\dimen295
\tikzsiblingdistance=\dimen296
\tikz@figbox=\box83
\tikz@figbox@bg=\box84
\tikz@tempbox=\box85
\tikz@tempbox@bg=\box86
\tikztreelevel=\count475
\tikznumberofchildren=\count476
\tikznumberofcurrentchild=\count477
\tikz@fig@count=\count478

(/usr/local/texlive/2024/texmf-dist/tex/generic/pgf/modules/pgfmodulematrix.cod
e.tex
File: pgfmodulematrix.code.tex 2023-01-15 v3.1.10 (3.1.10)
\pgfmatrixcurrentrow=\count479
\pgfmatrixcurrentcolumn=\count480
\pgf@matrix@numberofcolumns=\count481
)
\tikz@expandcount=\count482

(/usr/local/texlive/2024/texmf-dist/tex/generic/pgf/frontendlayer/tikz/librarie
s/tikzlibrarytopaths.code.tex
File: tikzlibrarytopaths.code.tex 2023-01-15 v3.1.10 (3.1.10)
)))
(/usr/local/texlive/2024/texmf-dist/tex/generic/pgfplots/pgfplots.code.tex
(/usr/local/texlive/2024/texmf-dist/tex/generic/pgfplots/pgfplotscore.code.tex
\t@pgfplots@toka=\toks46
\t@pgfplots@tokb=\toks47
\t@pgfplots@tokc=\toks48
\pgfplots@tmpa=\dimen297
\c@pgfplots@coordindex=\count483
\c@pgfplots@scanlineindex=\count484

(/usr/local/texlive/2024/texmf-dist/tex/generic/pgfplots/sys/pgfplotssysgeneric
.code.tex))
(/usr/local/texlive/2024/texmf-dist/tex/generic/pgfplots/libs/pgfplotslibrary.c
ode.tex)
(/usr/local/texlive/2024/texmf-dist/tex/generic/pgfplots/oldpgfcompatib/pgfplot
soldpgfsupp_loader.code.tex
(/usr/local/texlive/2024/texmf-dist/tex/generic/pgf/libraries/pgflibraryfpu.cod
e.tex)
Package pgfplots: loading complementary utilities for your pgf version...
\t@pgf@toka=\toks49
\t@pgf@tokb=\toks50
\t@pgf@tokc=\toks51

(/usr/local/texlive/2024/texmf-dist/tex/generic/pgfplots/oldpgfcompatib/pgfplot
soldpgfsupp_pgfutil-common-lists.tex))
(/usr/local/texlive/2024/texmf-dist/tex/generic/pgfplots/util/pgfplotsutil.code
.tex
(/usr/local/texlive/2024/texmf-dist/tex/generic/pgfplots/liststructure/pgfplots
liststructure.code.tex)
(/usr/local/texlive/2024/texmf-dist/tex/generic/pgfplots/liststructure/pgfplots
liststructureext.code.tex)
(/usr/local/texlive/2024/texmf-dist/tex/generic/pgfplots/liststructure/pgfplots
array.code.tex
\c@pgfplotsarray@tmp=\count485
)
(/usr/local/texlive/2024/texmf-dist/tex/generic/pgfplots/liststructure/pgfplots
matrix.code.tex)
(/usr/local/texlive/2024/texmf-dist/tex/generic/pgfplots/numtable/pgfplotstable
shared.code.tex
\c@pgfplotstable@counta=\count486
\t@pgfplotstable@a=\toks52
)
(/usr/local/texlive/2024/texmf-dist/tex/generic/pgfplots/liststructure/pgfplots
deque.code.tex)
(/usr/local/texlive/2024/texmf-dist/tex/generic/pgfplots/util/pgfplotsbinary.co
de.tex
(/usr/local/texlive/2024/texmf-dist/tex/generic/pgfplots/util/pgfplotsbinary.da
ta.code.tex))
(/usr/local/texlive/2024/texmf-dist/tex/generic/pgfplots/util/pgfplotsutil.verb
.code.tex)
(/usr/local/texlive/2024/texmf-dist/tex/generic/pgfplots/libs/pgflibrarypgfplot
s.surfshading.code.tex
\c@pgfplotslibrarysurf@no=\count487

(/usr/local/texlive/2024/texmf-dist/tex/generic/pgfplots/sys/pgflibrarypgfplots
.surfshading.pgfsys-pdftex.def)))
(/usr/local/texlive/2024/texmf-dist/tex/generic/pgfplots/util/pgfplotscolormap.
code.tex
(/usr/local/texlive/2024/texmf-dist/tex/generic/pgfplots/util/pgfplotscolor.cod
e.tex))
(/usr/local/texlive/2024/texmf-dist/tex/generic/pgfplots/pgfplotsstackedplots.c
ode.tex)
(/usr/local/texlive/2024/texmf-dist/tex/generic/pgfplots/pgfplotsplothandlers.c
ode.tex
(/usr/local/texlive/2024/texmf-dist/tex/generic/pgfplots/pgfplotsmeshplothandle
r.code.tex
(/usr/local/texlive/2024/texmf-dist/tex/generic/pgfplots/pgfplotsmeshplotimage.
code.tex)))
(/usr/local/texlive/2024/texmf-dist/tex/generic/pgfplots/pgfplots.scaling.code.
tex)
(/usr/local/texlive/2024/texmf-dist/tex/generic/pgfplots/pgfplotscoordprocessin
g.code.tex)
(/usr/local/texlive/2024/texmf-dist/tex/generic/pgfplots/pgfplots.errorbars.cod
e.tex)
(/usr/local/texlive/2024/texmf-dist/tex/generic/pgfplots/pgfplots.markers.code.
tex)
(/usr/local/texlive/2024/texmf-dist/tex/generic/pgfplots/pgfplotsticks.code.tex
)
(/usr/local/texlive/2024/texmf-dist/tex/generic/pgfplots/pgfplots.paths.code.te
x)
(/usr/local/texlive/2024/texmf-dist/tex/generic/pgf/frontendlayer/tikz/librarie
s/tikzlibrarydecorations.code.tex
(/usr/local/texlive/2024/texmf-dist/tex/generic/pgf/modules/pgfmoduledecoration
s.code.tex
\pgfdecoratedcompleteddistance=\dimen298
\pgfdecoratedremainingdistance=\dimen299
\pgfdecoratedinputsegmentcompleteddistance=\dimen300
\pgfdecoratedinputsegmentremainingdistance=\dimen301
\pgf@decorate@distancetomove=\dimen302
\pgf@decorate@repeatstate=\count488
\pgfdecorationsegmentamplitude=\dimen303
\pgfdecorationsegmentlength=\dimen304
)
\tikz@lib@dec@box=\box87
)
(/usr/local/texlive/2024/texmf-dist/tex/generic/pgf/frontendlayer/tikz/librarie
s/tikzlibrarydecorations.pathmorphing.code.tex
(/usr/local/texlive/2024/texmf-dist/tex/generic/pgf/libraries/decorations/pgfli
brarydecorations.pathmorphing.code.tex))
(/usr/local/texlive/2024/texmf-dist/tex/generic/pgf/frontendlayer/tikz/librarie
s/tikzlibrarydecorations.pathreplacing.code.tex
(/usr/local/texlive/2024/texmf-dist/tex/generic/pgf/libraries/decorations/pgfli
brarydecorations.pathreplacing.code.tex))
(/usr/local/texlive/2024/texmf-dist/tex/generic/pgfplots/libs/tikzlibrarypgfplo
ts.contourlua.code.tex)
\pgfplots@numplots=\count489
\pgfplots@xmin@reg=\dimen305
\pgfplots@xmax@reg=\dimen306
\pgfplots@ymin@reg=\dimen307
\pgfplots@ymax@reg=\dimen308
\pgfplots@zmin@reg=\dimen309
\pgfplots@zmax@reg=\dimen310
)
(/usr/local/texlive/2024/texmf-dist/tex/generic/pgf/frontendlayer/tikz/librarie
s/tikzlibraryplotmarks.code.tex
File: tikzlibraryplotmarks.code.tex 2023-01-15 v3.1.10 (3.1.10)

(/usr/local/texlive/2024/texmf-dist/tex/generic/pgf/libraries/pgflibraryplotmar
ks.code.tex
File: pgflibraryplotmarks.code.tex 2023-01-15 v3.1.10 (3.1.10)
)))
(/usr/local/texlive/2024/texmf-dist/tex/generic/pgf/frontendlayer/tikz/librarie
s/tikzlibraryspy.code.tex
File: tikzlibraryspy.code.tex 2023-01-15 v3.1.10 (3.1.10)
\tikz@lib@spybox=\box88
)
(/usr/local/texlive/2024/texmf-dist/tex/latex/amsmath/amsmath.sty
Package: amsmath 2023/05/13 v2.17o AMS math features
\@mathmargin=\skip96

For additional information on amsmath, use the `?' option.
(/usr/local/texlive/2024/texmf-dist/tex/latex/amsmath/amsbsy.sty
Package: amsbsy 1999/11/29 v1.2d Bold Symbols
\pmbraise@=\dimen311
)
(/usr/local/texlive/2024/texmf-dist/tex/latex/amsmath/amsopn.sty
Package: amsopn 2022/04/08 v2.04 operator names
)
\inf@bad=\count490
LaTeX Info: Redefining \frac on input line 234.
\uproot@=\count491
\leftroot@=\count492
LaTeX Info: Redefining \overline on input line 399.
LaTeX Info: Redefining \colon on input line 410.
\classnum@=\count493
\DOTSCASE@=\count494
LaTeX Info: Redefining \ldots on input line 496.
LaTeX Info: Redefining \dots on input line 499.
LaTeX Info: Redefining \cdots on input line 620.
\Mathstrutbox@=\box89
\strutbox@=\box90
LaTeX Info: Redefining \big on input line 722.
LaTeX Info: Redefining \Big on input line 723.
LaTeX Info: Redefining \bigg on input line 724.
LaTeX Info: Redefining \Bigg on input line 725.
\big@size=\dimen312
LaTeX Font Info:    Redeclaring font encoding OML on input line 743.
LaTeX Font Info:    Redeclaring font encoding OMS on input line 744.
\macc@depth=\count495
LaTeX Info: Redefining \bmod on input line 905.
LaTeX Info: Redefining \pmod on input line 910.
LaTeX Info: Redefining \smash on input line 940.
LaTeX Info: Redefining \relbar on input line 970.
LaTeX Info: Redefining \Relbar on input line 971.
\c@MaxMatrixCols=\count496
\dotsspace@=\muskip21
\c@parentequation=\count497
\dspbrk@lvl=\count498
\tag@help=\toks53
\row@=\count499
\column@=\count500
\maxfields@=\count501
\andhelp@=\toks54
\eqnshift@=\dimen313
\alignsep@=\dimen314
\tagshift@=\dimen315
\tagwidth@=\dimen316
\totwidth@=\dimen317
\lineht@=\dimen318
\@envbody=\toks55
\multlinegap=\skip97
\multlinetaggap=\skip98
\mathdisplay@stack=\toks56
LaTeX Info: Redefining \[ on input line 2953.
LaTeX Info: Redefining \] on input line 2954.
)
(/usr/local/texlive/2024/texmf-dist/tex/latex/amsfonts/amsfonts.sty
Package: amsfonts 2013/01/14 v3.01 Basic AMSFonts support
\symAMSa=\mathgroup4
\symAMSb=\mathgroup5
LaTeX Font Info:    Redeclaring math symbol \hbar on input line 98.
LaTeX Font Info:    Overwriting math alphabet `\mathfrak' in version `bold'
(Font)                  U/euf/m/n --> U/euf/b/n on input line 106.
)
(/usr/local/texlive/2024/texmf-dist/tex/latex/amsfonts/amssymb.sty
Package: amssymb 2013/01/14 v3.01 AMS font symbols
)
(/usr/local/texlive/2024/texmf-dist/tex/latex/mathtools/mathtools.sty
Package: mathtools 2024/03/11 v1.30 mathematical typesetting tools

(/usr/local/texlive/2024/texmf-dist/tex/latex/tools/calc.sty
Package: calc 2023/07/08 v4.3 Infix arithmetic (KKT,FJ)
\calc@Acount=\count502
\calc@Bcount=\count503
\calc@Adimen=\dimen319
\calc@Bdimen=\dimen320
\calc@Askip=\skip99
\calc@Bskip=\skip100
LaTeX Info: Redefining \setlength on input line 80.
LaTeX Info: Redefining \addtolength on input line 81.
\calc@Ccount=\count504
\calc@Cskip=\skip101
)
(/usr/local/texlive/2024/texmf-dist/tex/latex/mathtools/mhsetup.sty
Package: mhsetup 2021/03/18 v1.4 programming setup (MH)
)
\g_MT_multlinerow_int=\count505
\l_MT_multwidth_dim=\dimen321
\origjot=\skip102
\l_MT_shortvdotswithinadjustabove_dim=\dimen322
\l_MT_shortvdotswithinadjustbelow_dim=\dimen323
\l_MT_above_intertext_sep=\dimen324
\l_MT_below_intertext_sep=\dimen325
\l_MT_above_shortintertext_sep=\dimen326
\l_MT_below_shortintertext_sep=\dimen327
\xmathstrut@box=\box91
\xmathstrut@dim=\dimen328
)
(/usr/local/texlive/2024/texmf-dist/tex/latex/units/nicefrac.sty
Package: nicefrac 1998/08/04 v0.9b Nice fractions
\L@UnitsRaiseDisplaystyle=\skip103
\L@UnitsRaiseTextstyle=\skip104
\L@UnitsRaiseScriptstyle=\skip105
)
Package csquotes Info: Checking for multilingual support...
Package csquotes Info: ... found 'babel' package.
Package csquotes Info: Adjusting default style.
Package csquotes Info: Redefining alias 'default' -> 'italian'.
LaTeX Font Info:    Trying to load font information for T1+lmr on input line 16
2.

(/usr/local/texlive/2024/texmf-dist/tex/latex/lm/t1lmr.fd
File: t1lmr.fd 2015/05/01 v1.6.1 Font defs for Latin Modern
)

LaTeX Warning: Unused global option(s):
    [tipotesi=magistrale].

(./document.aux (./header.aux))
\openout1 = `document.aux'.

LaTeX Font Info:    Checking defaults for OML/cmm/m/it on input line 162.
LaTeX Font Info:    ... okay on input line 162.
LaTeX Font Info:    Checking defaults for OMS/cmsy/m/n on input line 162.
LaTeX Font Info:    ... okay on input line 162.
LaTeX Font Info:    Checking defaults for OT1/cmr/m/n on input line 162.
LaTeX Font Info:    ... okay on input line 162.
LaTeX Font Info:    Checking defaults for T1/cmr/m/n on input line 162.
LaTeX Font Info:    ... okay on input line 162.
LaTeX Font Info:    Checking defaults for TS1/cmr/m/n on input line 162.
LaTeX Font Info:    ... okay on input line 162.
LaTeX Font Info:    Checking defaults for OMX/cmex/m/n on input line 162.
LaTeX Font Info:    ... okay on input line 162.
LaTeX Font Info:    Checking defaults for U/cmr/m/n on input line 162.
LaTeX Font Info:    ... okay on input line 162.
LaTeX Font Info:    Checking defaults for PD1/pdf/m/n on input line 162.
LaTeX Font Info:    ... okay on input line 162.
LaTeX Font Info:    Checking defaults for PU/pdf/m/n on input line 162.
LaTeX Font Info:    ... okay on input line 162.
LaTeX Info: Redefining \it@ocap on input line 162.
LaTeX Info: Redefining \it@ccap on input line 162.

(/usr/local/texlive/2024/texmf-dist/tex/context/base/mkii/supp-pdf.mkii
[Loading MPS to PDF converter (version 2006.09.02).]
\scratchcounter=\count506
\scratchdimen=\dimen329
\scratchbox=\box92
\nofMPsegments=\count507
\nofMParguments=\count508
\everyMPshowfont=\toks57
\MPscratchCnt=\count509
\MPscratchDim=\dimen330
\MPnumerator=\count510
\makeMPintoPDFobject=\count511
\everyMPtoPDFconversion=\toks58
) (/usr/local/texlive/2024/texmf-dist/tex/latex/epstopdf-pkg/epstopdf-base.sty
Package: epstopdf-base 2020-01-24 v2.11 Base part for package epstopdf
Package epstopdf-base Info: Redefining graphics rule for `.eps' on input line 4
85.

(/usr/local/texlive/2024/texmf-dist/tex/latex/latexconfig/epstopdf-sys.cfg
File: epstopdf-sys.cfg 2010/07/13 v1.3 Configuration of (r)epstopdf for TeX Liv
e
))
(/usr/local/texlive/2024/texmf-dist/tex/latex/toptesi/topcoman.sty
Package: topcoman 2020-09-06 v.6.4.06 Additional commands for the TOPtesi bundl
e

(/usr/local/texlive/2024/texmf-dist/tex/latex/base/textcomp.sty
Package: textcomp 2020/02/02 v2.0n Standard LaTeX package
))
Package hyperref Info: Link coloring ON on input line 162.

(./document.out) (./document.out)
\@outlinefile=\write7
\openout7 = `document.out'.

Package biblatex Info: Trying to load language 'italian'...
Package biblatex Info: ... file 'italian.lbx' found.

(/usr/local/texlive/2024/texmf-dist/tex/latex/biblatex/lbx/italian.lbx
File: italian.lbx 2023/03/05 v3.19 biblatex localization (PK/MW)
)
Package biblatex Info: Trying to load language 'english'...
Package biblatex Info: ... file 'english.lbx' found.

(/usr/local/texlive/2024/texmf-dist/tex/latex/biblatex/lbx/english.lbx
File: english.lbx 2023/03/05 v3.19 biblatex localization (PK/MW)
)
Package biblatex Info: Input encoding 'utf8' detected.
Package biblatex Info: Automatic encoding selection.
(biblatex)             Assuming data encoding 'utf8'.
\openout5 = `document.bcf'.

Package biblatex Info: Trying to load bibliographic data...
Package biblatex Info: ... file 'document.bbl' found.

(./document.bbl)
Package biblatex Info: Reference section=0 on input line 162.
Package biblatex Info: Reference segment=0 on input line 162.
\c@lstlisting=\count512
Package translations Info: no dictionary file `translations-basic-dictionary-it
alian.trsl' found. on input line 162.

(/usr/local/texlive/2024/texmf-dist/tex/latex/translations/translations-basic-d
ictionary-english.trsl
File: translations-basic-dictionary-english.trsl (english translation file `tra
nslations-basic-dictionary')
)
Package translations Info: loading dictionary `translations-basic-dictionary' f
or `english'. on input line 162.
Package caption Info: Begin \AtBeginDocument code.
Package caption Info: End \AtBeginDocument code.

Package pgfplots notification 'compat/show suggested version=true': you might b
enefit from \pgfplotsset{compat=1.18} (current compat level: 1.15).

\openout2 = `header.aux'.

(./header.tex
<polito_logo_2021_blu.jpg, id=137, 845.3181pt x 328.8285pt>
File: polito_logo_2021_blu.jpg Graphic file (type jpg)
<use polito_logo_2021_blu.jpg>
Package pdftex.def Info: polito_logo_2021_blu.jpg  used on input line 15.
(pdftex.def)             Requested size: 179.94696pt x 70.00249pt.
LaTeX Font Info:    Trying to load font information for OT1+lmr on input line 1
8.
 (/usr/local/texlive/2024/texmf-dist/tex/latex/lm/ot1lmr.fd
File: ot1lmr.fd 2015/05/01 v1.6.1 Font defs for Latin Modern
)
LaTeX Font Info:    Trying to load font information for OML+lmm on input line 1
8.

(/usr/local/texlive/2024/texmf-dist/tex/latex/lm/omllmm.fd
File: omllmm.fd 2015/05/01 v1.6.1 Font defs for Latin Modern
)
LaTeX Font Info:    Trying to load font information for OMS+lmsy on input line 
18.

(/usr/local/texlive/2024/texmf-dist/tex/latex/lm/omslmsy.fd
File: omslmsy.fd 2015/05/01 v1.6.1 Font defs for Latin Modern
)
LaTeX Font Info:    Trying to load font information for OMX+lmex on input line 
18.

(/usr/local/texlive/2024/texmf-dist/tex/latex/lm/omxlmex.fd
File: omxlmex.fd 2015/05/01 v1.6.1 Font defs for Latin Modern
)
LaTeX Font Info:    External font `lmex10' loaded for size
(Font)              <12> on input line 18.
LaTeX Font Info:    External font `lmex10' loaded for size
(Font)              <8> on input line 18.
LaTeX Font Info:    External font `lmex10' loaded for size
(Font)              <6> on input line 18.
LaTeX Font Info:    Trying to load font information for U+msa on input line 18.


(/usr/local/texlive/2024/texmf-dist/tex/latex/amsfonts/umsa.fd
File: umsa.fd 2013/01/14 v3.01 AMS symbols A
)
LaTeX Font Info:    Trying to load font information for U+msb on input line 18.


(/usr/local/texlive/2024/texmf-dist/tex/latex/amsfonts/umsb.fd
File: umsb.fd 2013/01/14 v3.01 AMS symbols B
)
LaTeX Font Info:    External font `lmex10' loaded for size
(Font)              <14.4> on input line 18.
LaTeX Font Info:    External font `lmex10' loaded for size
(Font)              <10> on input line 18.
LaTeX Font Info:    External font `lmex10' loaded for size
(Font)              <7> on input line 18.
 [1{/usr/local/texlive/2024/texmf-dist/fonts/enc/dvips/lm/lm-ec.enc}




 <./polito_logo_2021_blu.jpg>] [2

]) (./abstract3.tex)
Underfull \vbox (badness 3838) has occurred while \output is active []

 [3





]
[4] (./document.toc [5

])
\tf@toc=\write8
\openout8 = `document.toc'.

 [6] (./document.lof [7


])
\tf@lof=\write9
\openout9 = `document.lof'.

 [8] (./document.lot)
\tf@lot=\write10
\openout10 = `document.lot'.

 [9


]
(./chap1/introduction.tex [10



]
Chapter 1.
[11

]
<chap1/figure/IoT typical.png, id=324, 1491.6528pt x 764.6166pt>
File: chap1/figure/IoT typical.png Graphic file (type png)
<use chap1/figure/IoT typical.png>
Package pdftex.def Info: chap1/figure/IoT typical.png  used on input line 16.
(pdftex.def)             Requested size: 316.87674pt x 162.42929pt.

Underfull \hbox (badness 10000) in paragraph at lines 21--24

 []

LaTeX Font Info:    Trying to load font information for TS1+lmr on input line 2
7.
(/usr/local/texlive/2024/texmf-dist/tex/latex/lm/ts1lmr.fd
File: ts1lmr.fd 2015/05/01 v1.6.1 Font defs for Latin Modern
) [12 <./chap1/figure/IoT typical.png>]
Underfull \hbox (badness 10000) in paragraph at lines 35--38

 []

) (./chap2/background.tex
Underfull \hbox (badness 10000) in paragraph at lines 39--2

 []


Underfull \hbox (badness 10000) in paragraph at lines 39--2

 []


Underfull \hbox (badness 10000) in paragraph at lines 39--2

 []


Underfull \hbox (badness 10000) in paragraph at lines 39--2

 []

[13{/usr/local/texlive/2024/texmf-dist/fonts/enc/dvips/lm/lm-ts1.enc}] [14]
Chapter 2.
(./chap2/sections/ble_analysis.tex
Underfull \vbox (badness 2922) has occurred while \output is active []

 [15

]
[16]) (./chap2/sections/ble_sensor_network.tex [17])
(./chap2/sections/national_instruments.tex
Overfull \hbox (0.70544pt too wide) in paragraph at lines 1--1
[]\T1/lmr/bx/n/17.28 An ex-am-ple of time syn-chro-niza-tion from Na-
 []

[18] [19]) (./chap2/sections/sync_robotic_computing.tex
Overfull \hbox (25.5555pt too wide) in paragraph at lines 1--1
[]\T1/lmr/bx/n/17.28 Precise Sen-sor Syn-chro-niza-tion in Robotic Com-
 []

[20]
Overfull \hbox (10.87238pt too wide) in paragraph at lines 15--16
[]\T1/lmr/m/n/12 Use a shared timer to si-mul-ta-ne-ously ini-ti-ate internally
-triggered and externally-
 []

[21]) (./chap2/sections/synch_in_wsn.tex
Overfull \hbox (4.72006pt too wide) in paragraph at lines 1--1
[]\T1/lmr/bx/n/17.28 Synchronization in Wire-less Sen-sor Net-works:
 []

[22{/usr/local/texlive/2024/texmf-dist/fonts/enc/dvips/lm/lm-mathit.enc}{/usr/l
ocal/texlive/2024/texmf-dist/fonts/enc/dvips/lm/lm-rm.enc}] [23])
(./chap2/sections/bluesync_example.tex [24] [25])
(./chap2/sections/posture_monitor.tex [26]) (./chap2/sections/used_hardware.tex

Overfull \hbox (3.97481pt too wide) in paragraph at lines 2--3
\T1/lmr/m/n/12 hard-ware that has been used in this the-sis project. In par-tic
-u-lar, seven commercially-
 []

[27]
<chap2/figure/stbox.JPG, id=443, 840.80983pt x 560.60872pt>
File: chap2/figure/stbox.JPG Graphic file (type jpg)
<use chap2/figure/stbox.JPG>
Package pdftex.def Info: chap2/figure/stbox.JPG  used on input line 18.
(pdftex.def)             Requested size: 316.87674pt x 211.2799pt.
 [28] [29 <./chap2/figure/stbox.JPG>]
Overfull \hbox (10.50133pt too wide) in paragraph at lines 43--44
[]\T1/lmr/m/n/12 LPS22HH: ultra-compact piezo-resistive ab-so-lute pres-sure se
n-sor, 260-1260 hPa,
 []


Overfull \hbox (5.27406pt too wide) in paragraph at lines 43--44
\T1/lmr/m/n/12 dig-i-tal out-put barom-e-ter, full-mold dust re-sis-tant, holed
 LGA pack-age (HLGA) 
 []

<chap2/figure/btile.JPG, id=456, 1005.37894pt x 670.25262pt>
File: chap2/figure/btile.JPG Graphic file (type jpg)
<use chap2/figure/btile.JPG>
Package pdftex.def Info: chap2/figure/btile.JPG  used on input line 49.
(pdftex.def)             Requested size: 316.87674pt x 211.2432pt.
[30 <./chap2/figure/btile.JPG>]
<chap2/figure/mms.JPG, id=463, 818.30289pt x 559.16331pt>
File: chap2/figure/mms.JPG Graphic file (type jpg)
<use chap2/figure/mms.JPG>
Package pdftex.def Info: chap2/figure/mms.JPG  used on input line 72.
(pdftex.def)             Requested size: 316.87674pt x 216.52849pt.
 [31 <./chap2/figure/mms.JPG>]))
(./chap3/work.tex [32]
Chapter 3.
<chap3/figure/System_Diagram(1).png, id=479, 1360.1214pt x 868.6854pt>
File: chap3/figure/System_Diagram(1).png Graphic file (type png)
<use chap3/figure/System_Diagram(1).png>
Package pdftex.def Info: chap3/figure/System_Diagram(1).png  used on input line
 14.
(pdftex.def)             Requested size: 359.12955pt x 229.36546pt.
<chap3/figure/flow.png, id=480, 1191.0096pt x 407.6028pt>
File: chap3/figure/flow.png Graphic file (type png)
<use chap3/figure/flow.png>
Package pdftex.def Info: chap3/figure/flow.png  used on input line 21.
(pdftex.def)             Requested size: 359.12955pt x 122.90372pt.
(./chap3/sections/firmware.tex [33

] [34 <./chap3/figure/System_Diagram(1).png> <./chap3/figure/flow.png>]
<chap3/figure/BlueTileFlow.png, id=494, 1533.5694pt x 912.0474pt>
File: chap3/figure/BlueTileFlow.png Graphic file (type png)
<use chap3/figure/BlueTileFlow.png>
Package pdftex.def Info: chap3/figure/BlueTileFlow.png  used on input line 12.
(pdftex.def)             Requested size: 359.12955pt x 213.57967pt.
 [35 <./chap3/figure/BlueTileFlow.png>]
Overfull \hbox (3.92296pt too wide) in paragraph at lines 23--24
[]\T1/lmr/bx/n/12 BlueVoice dis-abled\T1/lmr/m/n/12 . Even if no au-dio stream-
ing is en-abled, leav-ing \T1/lmr/m/it/12 BlueVoice
 []

<chap3/figure/BlueVoiceFlow.png, id=500, 767.5074pt x 260.172pt>
File: chap3/figure/BlueVoiceFlow.png Graphic file (type png)
<use chap3/figure/BlueVoiceFlow.png>
Package pdftex.def Info: chap3/figure/BlueVoiceFlow.png  used on input line 34.

(pdftex.def)             Requested size: 359.12955pt x 121.73697pt.
[36] [37 <./chap3/figure/BlueVoiceFlow.png>]
<chap3/figure/STbox.png, id=514, 1519.1154pt x 953.964pt>
File: chap3/figure/STbox.png Graphic file (type png)
<use chap3/figure/STbox.png>
Package pdftex.def Info: chap3/figure/STbox.png  used on input line 60.
(pdftex.def)             Requested size: 359.12955pt x 225.52075pt.
 [38] [39 <./chap3/figure/STbox.png>]) (./chap3/sections/timesync.tex) (./chap3
/sections/clients.tex [40{/usr/local/texlive/2024/texmf-dist/fonts/enc/dvips/lm
/lm-mathsy.enc}]
<chap3/figure/Flowchart_st_client(1).png, id=533, 1462.7448pt x 936.6192pt>
File: chap3/figure/Flowchart_st_client(1).png Graphic file (type png)
<use chap3/figure/Flowchart_st_client(1).png>
Package pdftex.def Info: chap3/figure/Flowchart_st_client(1).png  used on input
 line 8.
(pdftex.def)             Requested size: 359.12955pt x 229.95248pt.
 [41 <./chap3/figure/Flowchart_st_client(1).png>] [42]
Underfull \vbox (badness 6252) has occurred while \output is active []

 [43]
<chap3/figure/Flowchart_meta_client.png, id=550, 1029.1248pt x 586.8324pt>
File: chap3/figure/Flowchart_meta_client.png Graphic file (type png)
<use chap3/figure/Flowchart_meta_client.png>
Package pdftex.def Info: chap3/figure/Flowchart_meta_client.png  used on input 
line 45.
(pdftex.def)             Requested size: 359.12955pt x 204.78552pt.

[44 <./chap3/figure/Flowchart_meta_client.png>]) (./chap3/sections/matlab.tex
[45]) (./chap3/sections/calibration.tex [46]
<chap3/figure/calibration_algo_axes.png, id=569, 322.20375pt x 184.43906pt>
File: chap3/figure/calibration_algo_axes.png Graphic file (type png)
<use chap3/figure/calibration_algo_axes.png>
Package pdftex.def Info: chap3/figure/calibration_algo_axes.png  used on input 
line 19.
(pdftex.def)             Requested size: 211.25116pt x 120.93088pt.
 [47{/usr/local/texlive/2024/texmf-dist/fonts/enc/dvips/lm/lm-mathex.enc} <./ch
ap3/figure/calibration_algo_axes.png>]
<chap3/figure/calibration_flowchart.png, id=580, 644.6484pt x 593.3367pt>
File: chap3/figure/calibration_flowchart.png Graphic file (type png)
<use chap3/figure/calibration_flowchart.png>
Package pdftex.def Info: chap3/figure/calibration_flowchart.png  used on input 
line 58.
(pdftex.def)             Requested size: 422.50232pt x 388.87831pt.
 [48] [49 <./chap3/figure/calibration_flowchart.png>])
(./chap3/sections/tools.tex
Overfull \hbox (8.12337pt too wide) in paragraph at lines 4--5
[]\T1/lmr/m/n/12 Firmware De-vel-op-ment: uVi-sion IDE from KEIL for BlueTile, 
STM32CubeIDE
 []

)) (./chap4/results.tex [50

]
Chapter 4.
(./chap4/section/datarate.tex [51

]
Overfull \hbox (18.25188pt too wide) in paragraph at lines 9--10
[]\T1/lmr/m/n/12 6x ASUS BT-400 Blue-tooth 4.0 USB Adapter, based on the Broad-
com BCM20702
 []


Overfull \hbox (2.15813pt too wide) in paragraph at lines 19--20
[]\T1/lmr/m/n/12 Table [][]4.2[][] presents the test of three de-vices, a Sen-s
or-Tile.box (ST.b), a BlueTile
 []

[52] [53] [54]) (./chap4/section/time_sync_precision.tex [55

]
<chap4/figure/ex1_no_ts.png, id=623, 264.5082pt x 166.7028pt>
File: chap4/figure/ex1_no_ts.png Graphic file (type png)
<use chap4/figure/ex1_no_ts.png>
Package pdftex.def Info: chap4/figure/ex1_no_ts.png  used on input line 14.
(pdftex.def)             Requested size: 359.12955pt x 226.3414pt.
<chap4/figure/2nd_test_delay.png, id=624, 268.6035pt x 166.9437pt>
File: chap4/figure/2nd_test_delay.png Graphic file (type png)
<use chap4/figure/2nd_test_delay.png>
Package pdftex.def Info: chap4/figure/2nd_test_delay.png  used on input line 21
.
(pdftex.def)             Requested size: 359.12955pt x 223.21426pt.
<chap4/figure/2nd_test_compare.png, id=626, 268.6035pt x 166.9437pt>
File: chap4/figure/2nd_test_compare.png Graphic file (type png)
<use chap4/figure/2nd_test_compare.png>
Package pdftex.def Info: chap4/figure/2nd_test_compare.png  used on input line 
30.
(pdftex.def)             Requested size: 359.12955pt x 223.21426pt.
 [56 <./chap4/figure/ex1_no_ts.png>]
<chap4/figure/ex1_w_ts.png, id=633, 264.5082pt x 166.221pt>
File: chap4/figure/ex1_w_ts.png Graphic file (type png)
<use chap4/figure/ex1_w_ts.png>
Package pdftex.def Info: chap4/figure/ex1_w_ts.png  used on input line 39.
(pdftex.def)             Requested size: 359.12955pt x 225.68723pt.
) (./chap4/section/car_experiment.tex
Underfull \vbox (badness 10000) has occurred while \output is active []

 [57 <./chap4/figure/2nd_test_delay.png> <./chap4/figure/2nd_test_compare.png>]
 [58 <./chap4/figure/ex1_w_ts.png>]
<chap4/figure/map.png, id=648, 264.0264pt x 205.4877pt>
File: chap4/figure/map.png Graphic file (type png)
<use chap4/figure/map.png>
Package pdftex.def Info: chap4/figure/map.png  used on input line 14.
(pdftex.def)             Requested size: 316.87674pt x 246.64355pt.
<chap4/figure/position_st1.png, id=649, 1004.75375pt x 570.13pt>
File: chap4/figure/position_st1.png Graphic file (type png)
<use chap4/figure/position_st1.png>
Package pdftex.def Info: chap4/figure/position_st1.png  used on input line 42.
(pdftex.def)             Requested size: 190.12474pt x 107.88214pt.
<chap4/figure/position_st2.png, id=650, 1212.53pt x 652.4375pt>
File: chap4/figure/position_st2.png Graphic file (type png)
<use chap4/figure/position_st2.png>
Package pdftex.def Info: chap4/figure/position_st2.png  used on input line 45.
(pdftex.def)             Requested size: 190.12474pt x 102.3015pt.
<chap4/figure/position_bv.png, id=651, 1352.05125pt x 652.4375pt>
File: chap4/figure/position_bv.png Graphic file (type png)
<use chap4/figure/position_bv.png>
Package pdftex.def Info: chap4/figure/position_bv.png  used on input line 48.
(pdftex.def)             Requested size: 190.12474pt x 91.73883pt.
<chap4/figure/position_mm1.png, id=652, 981.6675pt x 752.8125pt>
File: chap4/figure/position_mm1.png Graphic file (type png)
<use chap4/figure/position_mm1.png>
Package pdftex.def Info: chap4/figure/position_mm1.png  used on input line 51.
(pdftex.def)             Requested size: 190.12474pt x 145.79272pt.
<chap4/figure/position_mm2.png, id=653, 991.705pt x 752.8125pt>
File: chap4/figure/position_mm2.png Graphic file (type png)
<use chap4/figure/position_mm2.png>
Package pdftex.def Info: chap4/figure/position_mm2.png  used on input line 54.
(pdftex.def)             Requested size: 190.12474pt x 144.3224pt.
<chap4/figure/position_mm3.png, id=654, 901.3675pt x 752.8125pt>
File: chap4/figure/position_mm3.png Graphic file (type png)
<use chap4/figure/position_mm3.png>
Package pdftex.def Info: chap4/figure/position_mm3.png  used on input line 57.
(pdftex.def)             Requested size: 190.12474pt x 158.7845pt.
 [59 <./chap4/figure/map.png>] [60 <./chap4/figure/position_st1.png> <./chap4/f
igure/position_st2.png> <./chap4/figure/position_bv.png> <./chap4/figure/positi
on_mm1.png> <./chap4/figure/position_mm2.png> <./chap4/figure/position_mm3.png>
]
<chap4/figure/car_test_overall_acc.png, id=678, 1533.73pt x 829.0975pt>
File: chap4/figure/car_test_overall_acc.png Graphic file (type png)
<use chap4/figure/car_test_overall_acc.png>
Package pdftex.def Info: chap4/figure/car_test_overall_acc.png  used on input l
ine 68.
(pdftex.def)             Requested size: 359.12955pt x 194.12949pt.
<chap4/figure/car_test_acc_detail1.png, id=680, 1533.73pt x 829.0975pt>
File: chap4/figure/car_test_acc_detail1.png Graphic file (type png)
<use chap4/figure/car_test_acc_detail1.png>
Package pdftex.def Info: chap4/figure/car_test_acc_detail1.png  used on input l
ine 76.
(pdftex.def)             Requested size: 359.12955pt x 194.12949pt.
<chap4/figure/car_test_acc_detail2.png, id=682, 1533.73pt x 829.0975pt>
File: chap4/figure/car_test_acc_detail2.png Graphic file (type png)
<use chap4/figure/car_test_acc_detail2.png>
Package pdftex.def Info: chap4/figure/car_test_acc_detail2.png  used on input l
ine 85.
(pdftex.def)             Requested size: 359.12955pt x 194.12949pt.
 [61 <./chap4/figure/car_test_overall_acc.png>]
<chap4/figure/car_test_acc_frequencies.png, id=690, 1533.73pt x 829.0975pt>
File: chap4/figure/car_test_acc_frequencies.png Graphic file (type png)
<use chap4/figure/car_test_acc_frequencies.png>
Package pdftex.def Info: chap4/figure/car_test_acc_frequencies.png  used on inp
ut line 94.
(pdftex.def)             Requested size: 359.12955pt x 194.12949pt.

Underfull \vbox (badness 1466) has occurred while \output is active []

 [62 <./chap4/figure/car_test_acc_detail1.png> <./chap4/figure/car_test_acc_det
ail2.png>]
<chap4/figure/car_test_acc_frequencies_deatils.png, id=699, 1533.73pt x 829.097
5pt>
File: chap4/figure/car_test_acc_frequencies_deatils.png Graphic file (type png)

<use chap4/figure/car_test_acc_frequencies_deatils.png>
Package pdftex.def Info: chap4/figure/car_test_acc_frequencies_deatils.png  use
d on input line 103.
(pdftex.def)             Requested size: 359.12955pt x 194.12949pt.
<chap4/figure/car_test_overall_gyro.png, id=702, 1533.73pt x 829.0975pt>
File: chap4/figure/car_test_overall_gyro.png Graphic file (type png)
<use chap4/figure/car_test_overall_gyro.png>
Package pdftex.def Info: chap4/figure/car_test_overall_gyro.png  used on input 
line 112.
(pdftex.def)             Requested size: 359.12955pt x 194.12949pt.
<chap4/figure/car_test_gyro_detail.png, id=703, 1533.73pt x 829.0975pt>
File: chap4/figure/car_test_gyro_detail.png Graphic file (type png)
<use chap4/figure/car_test_gyro_detail.png>
Package pdftex.def Info: chap4/figure/car_test_gyro_detail.png  used on input l
ine 119.
(pdftex.def)             Requested size: 359.12955pt x 194.12949pt.

[63 <./chap4/figure/car_test_acc_frequencies.png> <./chap4/figure/car_test_acc_
frequencies_deatils.png>]
<chap4/figure/car_test_smartphone_overall.png, id=712, 1533.73pt x 829.0975pt>
File: chap4/figure/car_test_smartphone_overall.png Graphic file (type png)
<use chap4/figure/car_test_smartphone_overall.png>
Package pdftex.def Info: chap4/figure/car_test_smartphone_overall.png  used on 
input line 130.
(pdftex.def)             Requested size: 359.12955pt x 194.12949pt.
<chap4/figure/car_test_smartphone_detail.png, id=713, 1533.73pt x 829.0975pt>
File: chap4/figure/car_test_smartphone_detail.png Graphic file (type png)
<use chap4/figure/car_test_smartphone_detail.png>
Package pdftex.def Info: chap4/figure/car_test_smartphone_detail.png  used on i
nput line 137.
(pdftex.def)             Requested size: 359.12955pt x 194.12949pt.
 [64 <./chap4/figure/car_test_overall_gyro.png> <./chap4/figure/car_test_gyro_d
etail.png>] [65 <./chap4/figure/car_test_smartphone_overall.png> <./chap4/figur
e/car_test_smartphone_detail.png>]
<chap4/figure/mms_rawZ_calibratedY.png, id=727, 630.10406pt x 430.60875pt>
File: chap4/figure/mms_rawZ_calibratedY.png Graphic file (type png)
<use chap4/figure/mms_rawZ_calibratedY.png>
Package pdftex.def Info: chap4/figure/mms_rawZ_calibratedY.png  used on input l
ine 152.
(pdftex.def)             Requested size: 359.12955pt x 245.42981pt.
<chap4/figure/mms_rawZ_calibratedY_detail.png, id=729, 630.10406pt x 430.60875p
t>
File: chap4/figure/mms_rawZ_calibratedY_detail.png Graphic file (type png)
<use chap4/figure/mms_rawZ_calibratedY_detail.png>
Package pdftex.def Info: chap4/figure/mms_rawZ_calibratedY_detail.png  used on 
input line 161.
(pdftex.def)             Requested size: 338.00314pt x 230.98775pt.
<chap4/figure/mms_rawX_calibratedX.png, id=731, 579.66562pt x 427.5975pt>
File: chap4/figure/mms_rawX_calibratedX.png Graphic file (type png)
<use chap4/figure/mms_rawX_calibratedX.png>
Package pdftex.def Info: chap4/figure/mms_rawX_calibratedX.png  used on input l
ine 170.
(pdftex.def)             Requested size: 338.00314pt x 249.3312pt.
 [66 <./chap4/figure/mms_rawZ_calibratedY.png (PNG copy)>]

LaTeX Warning: Text page 67 contains only floats.

[67 <./chap4/figure/mms_rawZ_calibratedY_detail.png (PNG copy)> <./chap4/figure
/mms_rawX_calibratedX.png (PNG copy)>]
<chap4/figure/mms_rawY_calibratedY.png, id=742, 590.205pt x 390.70969pt>
File: chap4/figure/mms_rawY_calibratedY.png Graphic file (type png)
<use chap4/figure/mms_rawY_calibratedY.png>
Package pdftex.def Info: chap4/figure/mms_rawY_calibratedY.png  used on input l
ine 179.
(pdftex.def)             Requested size: 295.75032pt x 195.7836pt.
<chap4/figure/mms_rawZ_calibratedZ.png, id=744, 549.55313pt x 391.4625pt>
File: chap4/figure/mms_rawZ_calibratedZ.png Graphic file (type png)
<use chap4/figure/mms_rawZ_calibratedZ.png>
Package pdftex.def Info: chap4/figure/mms_rawZ_calibratedZ.png  used on input l
ine 188.
(pdftex.def)             Requested size: 274.62392pt x 195.62921pt.
 [68 <./chap4/figure/mms_rawY_calibratedY.png (PNG copy)> <./chap4/figure/mms_r
awZ_calibratedZ.png (PNG copy)>]
<chap4/figure/st_rawZ_calibratedZ.png, id=750, 421.575pt x 316.18124pt>
File: chap4/figure/st_rawZ_calibratedZ.png Graphic file (type png)
<use chap4/figure/st_rawZ_calibratedZ.png>
Package pdftex.def Info: chap4/figure/st_rawZ_calibratedZ.png  used on input li
ne 200.
(pdftex.def)             Requested size: 338.00314pt x 253.50497pt.
<chap4/figure/st_rawX_calibratedY.png, id=752, 421.575pt x 316.18124pt>
File: chap4/figure/st_rawX_calibratedY.png Graphic file (type png)
<use chap4/figure/st_rawX_calibratedY.png>
Package pdftex.def Info: chap4/figure/st_rawX_calibratedY.png  used on input li
ne 211.
(pdftex.def)             Requested size: 338.00314pt x 253.50497pt.
<chap4/figure/st_rawX_calibratedY_detail.png, id=754, 421.575pt x 316.18124pt>
File: chap4/figure/st_rawX_calibratedY_detail.png Graphic file (type png)
<use chap4/figure/st_rawX_calibratedY_detail.png>
Package pdftex.def Info: chap4/figure/st_rawX_calibratedY_detail.png  used on i
nput line 220.
(pdftex.def)             Requested size: 338.00314pt x 253.50497pt.
 [69 <./chap4/figure/st_rawZ_calibratedZ.png (PNG copy)>] [70 <./chap4/figure/s
t_rawX_calibratedY.png (PNG copy)> <./chap4/figure/st_rawX_calibratedY_detail.p
ng (PNG copy)>]
<chap4/figure/st_rawY_calibratedX.png, id=765, 421.575pt x 316.18124pt>
File: chap4/figure/st_rawY_calibratedX.png Graphic file (type png)
<use chap4/figure/st_rawY_calibratedX.png>
Package pdftex.def Info: chap4/figure/st_rawY_calibratedX.png  used on input li
ne 231.
(pdftex.def)             Requested size: 338.00314pt x 253.50497pt.
<chap4/figure/st_rawY_calibratedX_detail.png, id=766, 421.575pt x 316.18124pt>
File: chap4/figure/st_rawY_calibratedX_detail.png Graphic file (type png)
<use chap4/figure/st_rawY_calibratedX_detail.png>
Package pdftex.def Info: chap4/figure/st_rawY_calibratedX_detail.png  used on i
nput line 238.
(pdftex.def)             Requested size: 338.00314pt x 253.50497pt.
 [71

 <./chap4/figure/st_rawY_calibratedX.png (PNG copy)>]
<chap4/figure/vlcsnap1.png, id=773, 1927.2pt x 1084.05pt>
File: chap4/figure/vlcsnap1.png Graphic file (type png)
<use chap4/figure/vlcsnap1.png>
Package pdftex.def Info: chap4/figure/vlcsnap1.png  used on input line 249.
(pdftex.def)             Requested size: 359.12955pt x 202.00174pt.
 [72 <./chap4/figure/st_rawY_calibratedX_detail.png (PNG copy)>] [73 <./chap4/f
igure/vlcsnap1.png>])) (./chap5/conclusion.tex [74]
Chapter 5.

Underfull \hbox (badness 10000) in paragraph at lines 13--16

 []


Underfull \hbox (badness 10000) in paragraph at lines 17--18

 []

[75

]
<chap5/system.JPG, id=801, 1133.81306pt x 415.03629pt>
File: chap5/system.JPG Graphic file (type jpg)
<use chap5/system.JPG>
Package pdftex.def Info: chap5/system.JPG  used on input line 21.
(pdftex.def)             Requested size: 380.2495pt x 139.19159pt.

Underfull \hbox (badness 10000) in paragraph at lines 31--32

 []

[76 <./chap5/system.JPG>]) (./acknowledgments.tex [77] [78

]) [79

] [80

]
LaTeX Font Info:    Trying to load font information for T1+lmtt on input line 1
94.

(/usr/local/texlive/2024/texmf-dist/tex/latex/lm/t1lmtt.fd
File: t1lmtt.fd 2015/05/01 v1.6.1 Font defs for Latin Modern
) [81

]
Overfull \hbox (19.95648pt too wide) in paragraph at lines 194--194
[]\T1/lmr/m/n/12 BlackMagic De-sign. \T1/lmr/m/it/12 DaVinci Re-solve 18\T1/lmr
/m/n/12 . \T1/lmr/m/sc/12 url\T1/lmr/m/n/12 : [][]$\T1/lmtt/m/n/12 https : / / 
www . blackmagicdesign .
 []

[82] (./document.aux (./header.aux))
 ***********
LaTeX2e <2023-11-01> patch level 1
L3 programming layer <2024-02-20>
 ***********
Package rerunfilecheck Info: File `document.out' has not changed.
(rerunfilecheck)             Checksum: 8FF2C0501C8654735DFCBA8EAB360995;2591.
Package logreq Info: Writing requests to 'document.run.xml'.
\openout1 = `document.run.xml'.

 ) 
Here is how much of TeX's memory you used:
 53787 strings out of 474116
 1197231 string characters out of 5743682
 2037355 words of memory out of 5000000
 75047 multiletter control sequences out of 15000+600000
 633218 words of font info for 87 fonts, out of 8000000 for 9000
 1141 hyphenation exceptions out of 8191
 138i,13n,135p,1253b,4340s stack positions out of 10000i,1000n,20000p,200000b,200000s
</usr/local/texlive/2024/texmf-dist/fonts/type1/public/lm/lmbx12.pfb></usr/lo
cal/texlive/2024/texmf-dist/fonts/type1/public/lm/lmcsc10.pfb></usr/local/texli
ve/2024/texmf-dist/fonts/type1/public/lm/lmex10.pfb></usr/local/texlive/2024/te
xmf-dist/fonts/type1/public/lm/lmmi12.pfb></usr/local/texlive/2024/texmf-dist/f
onts/type1/public/lm/lmmi6.pfb></usr/local/texlive/2024/texmf-dist/fonts/type1/
public/lm/lmmi8.pfb></usr/local/texlive/2024/texmf-dist/fonts/type1/public/lm/l
mr10.pfb></usr/local/texlive/2024/texmf-dist/fonts/type1/public/lm/lmr12.pfb></
usr/local/texlive/2024/texmf-dist/fonts/type1/public/lm/lmr17.pfb></usr/local/t
exlive/2024/texmf-dist/fonts/type1/public/lm/lmr8.pfb></usr/local/texlive/2024/
texmf-dist/fonts/type1/public/lm/lmri12.pfb></usr/local/texlive/2024/texmf-dist
/fonts/type1/public/lm/lmro10.pfb></usr/local/texlive/2024/texmf-dist/fonts/typ
e1/public/lm/lmsy10.pfb></usr/local/texlive/2024/texmf-dist/fonts/type1/public/
lm/lmtt12.pfb>
Output written on document.pdf (82 pages, 22791120 bytes).
PDF statistics:
 974 PDF objects out of 1000 (max. 8388607)
 215 named destinations out of 1000 (max. 500000)
 511 words of extra memory for PDF output out of 10000 (max. 10000000)

