\BOOKMARK [0][]{section*.1}{List\040of\040Figures}{}% 1
\BOOKMARK [0][]{section*.2}{List\040of\040Tables}{}% 2
\BOOKMARK [0][]{chapter.1}{Introduction}{}% 3
\BOOKMARK [0][]{chapter.2}{Background}{}% 4
\BOOKMARK [1][]{section.2.1}{Bluetooth\040Low\040Energy:\040standard\040overview\040and\040throughput\040analysis}{chapter.2}% 5
\BOOKMARK [1][]{section.2.2}{Bluetooth\040performances\040in\040Sensor\040Networks}{chapter.2}% 6
\BOOKMARK [1][]{section.2.3}{An\040example\040of\040time\040synchronization\040from\040National\040Instruments}{chapter.2}% 7
\BOOKMARK [1][]{section.2.4}{Precise\040Sensor\040Synchronization\040in\040Robotic\040Computing}{chapter.2}% 8
\BOOKMARK [1][]{section.2.5}{Synchronization\040in\040Wireless\040Sensor\040Networks:\040Review}{chapter.2}% 9
\BOOKMARK [1][]{section.2.6}{Bluesync:\040a\040Time\040Synchronization\040protocol\040for\040BLE}{chapter.2}% 10
\BOOKMARK [1][]{section.2.7}{An\040application\040example:\040IMU-Enabled\040Posture\040Monitor}{chapter.2}% 11
\BOOKMARK [1][]{section.2.8}{Used\040Hardware}{chapter.2}% 12
\BOOKMARK [2][]{subsection.2.8.1}{ST\040SensorTile.box}{section.2.8}% 13
\BOOKMARK [2][]{subsection.2.8.2}{ST\040BlueTile}{section.2.8}% 14
\BOOKMARK [2][]{subsection.2.8.3}{MBIENTLAB\040MetaMotionS}{section.2.8}% 15
\BOOKMARK [0][]{chapter.3}{Materials\040and\040methods}{}% 16
\BOOKMARK [1][]{section.3.1}{Firmware\040for\040ST\040devices}{chapter.3}% 17
\BOOKMARK [2][]{subsection.3.1.1}{ST\040BlueTile,\040sensing\040firmware}{section.3.1}% 18
\BOOKMARK [2][]{subsection.3.1.2}{ST\040BlueTile,\040audio\040streaming\040firmware}{section.3.1}% 19
\BOOKMARK [2][]{subsection.3.1.3}{ST\040SensorTile.box\040firmware}{section.3.1}% 20
\BOOKMARK [1][]{section.3.2}{The\040Time\040Synchronization\040Mechanism}{chapter.3}% 21
\BOOKMARK [1][]{section.3.3}{Client\040for\040ST\040devices}{chapter.3}% 22
\BOOKMARK [1][]{section.3.4}{Client\040for\040MBIENTLAB\040devices}{chapter.3}% 23
\BOOKMARK [1][]{section.3.5}{MATLAB\040data\040extraction\040scripts}{chapter.3}% 24
\BOOKMARK [1][]{section.3.6}{Calibration\040Script}{chapter.3}% 25
\BOOKMARK [1][]{section.3.7}{Used\040tools}{chapter.3}% 26
\BOOKMARK [0][]{chapter.4}{Results\040and\040discussion}{}% 27
\BOOKMARK [1][]{section.4.1}{Maximum\040data\040rate\040on\040Bluetooth\040Low\040Energy}{chapter.4}% 28
\BOOKMARK [1][]{section.4.2}{Time\040Synchronization\040Accuracy}{chapter.4}% 29
\BOOKMARK [1][]{section.4.3}{Extensive\040test\040in\040car\040environment}{chapter.4}% 30
\BOOKMARK [0][]{chapter.5}{Conclusion}{}% 31
\BOOKMARK [0][]{section*.71}{Bibliography}{}% 32
